Archive member included to satisfy reference by file (symbol)

c:/st/stm32cubeide_1.7.0/stm32cubeide/plugins/com.st.stm32cube.ide.mcu.externaltools.gnu-tools-for-stm32.9-2020-q2-update.win32_2.0.0.202105311346/tools/bin/../lib/gcc/arm-none-eabi/9.3.1/../../../../arm-none-eabi/lib/thumb/v7e-m+dp/hard\libc_nano.a(lib_a-errno.o)
                              ./Core/Src/syscalls.o (__errno)
c:/st/stm32cubeide_1.7.0/stm32cubeide/plugins/com.st.stm32cube.ide.mcu.externaltools.gnu-tools-for-stm32.9-2020-q2-update.win32_2.0.0.202105311346/tools/bin/../lib/gcc/arm-none-eabi/9.3.1/../../../../arm-none-eabi/lib/thumb/v7e-m+dp/hard\libc_nano.a(lib_a-exit.o)
                              c:/st/stm32cubeide_1.7.0/stm32cubeide/plugins/com.st.stm32cube.ide.mcu.externaltools.gnu-tools-for-stm32.9-2020-q2-update.win32_2.0.0.202105311346/tools/bin/../lib/gcc/arm-none-eabi/9.3.1/../../../../arm-none-eabi/lib/thumb/v7e-m+dp/hard/crt0.o (exit)
c:/st/stm32cubeide_1.7.0/stm32cubeide/plugins/com.st.stm32cube.ide.mcu.externaltools.gnu-tools-for-stm32.9-2020-q2-update.win32_2.0.0.202105311346/tools/bin/../lib/gcc/arm-none-eabi/9.3.1/../../../../arm-none-eabi/lib/thumb/v7e-m+dp/hard\libc_nano.a(lib_a-findfp.o)
                              ./Middlewares/Third_Party/FreeRTOS/Source/tasks.o (__sf_fake_stderr)
c:/st/stm32cubeide_1.7.0/stm32cubeide/plugins/com.st.stm32cube.ide.mcu.externaltools.gnu-tools-for-stm32.9-2020-q2-update.win32_2.0.0.202105311346/tools/bin/../lib/gcc/arm-none-eabi/9.3.1/../../../../arm-none-eabi/lib/thumb/v7e-m+dp/hard\libc_nano.a(lib_a-fwalk.o)
                              c:/st/stm32cubeide_1.7.0/stm32cubeide/plugins/com.st.stm32cube.ide.mcu.externaltools.gnu-tools-for-stm32.9-2020-q2-update.win32_2.0.0.202105311346/tools/bin/../lib/gcc/arm-none-eabi/9.3.1/../../../../arm-none-eabi/lib/thumb/v7e-m+dp/hard\libc_nano.a(lib_a-findfp.o) (_fwalk)
c:/st/stm32cubeide_1.7.0/stm32cubeide/plugins/com.st.stm32cube.ide.mcu.externaltools.gnu-tools-for-stm32.9-2020-q2-update.win32_2.0.0.202105311346/tools/bin/../lib/gcc/arm-none-eabi/9.3.1/../../../../arm-none-eabi/lib/thumb/v7e-m+dp/hard\libc_nano.a(lib_a-impure.o)
                              c:/st/stm32cubeide_1.7.0/stm32cubeide/plugins/com.st.stm32cube.ide.mcu.externaltools.gnu-tools-for-stm32.9-2020-q2-update.win32_2.0.0.202105311346/tools/bin/../lib/gcc/arm-none-eabi/9.3.1/../../../../arm-none-eabi/lib/thumb/v7e-m+dp/hard\libc_nano.a(lib_a-exit.o) (_global_impure_ptr)
c:/st/stm32cubeide_1.7.0/stm32cubeide/plugins/com.st.stm32cube.ide.mcu.externaltools.gnu-tools-for-stm32.9-2020-q2-update.win32_2.0.0.202105311346/tools/bin/../lib/gcc/arm-none-eabi/9.3.1/../../../../arm-none-eabi/lib/thumb/v7e-m+dp/hard\libc_nano.a(lib_a-init.o)
                              c:/st/stm32cubeide_1.7.0/stm32cubeide/plugins/com.st.stm32cube.ide.mcu.externaltools.gnu-tools-for-stm32.9-2020-q2-update.win32_2.0.0.202105311346/tools/bin/../lib/gcc/arm-none-eabi/9.3.1/../../../../arm-none-eabi/lib/thumb/v7e-m+dp/hard/crt0.o (__libc_init_array)
c:/st/stm32cubeide_1.7.0/stm32cubeide/plugins/com.st.stm32cube.ide.mcu.externaltools.gnu-tools-for-stm32.9-2020-q2-update.win32_2.0.0.202105311346/tools/bin/../lib/gcc/arm-none-eabi/9.3.1/../../../../arm-none-eabi/lib/thumb/v7e-m+dp/hard\libc_nano.a(lib_a-lock.o)
                              c:/st/stm32cubeide_1.7.0/stm32cubeide/plugins/com.st.stm32cube.ide.mcu.externaltools.gnu-tools-for-stm32.9-2020-q2-update.win32_2.0.0.202105311346/tools/bin/../lib/gcc/arm-none-eabi/9.3.1/../../../../arm-none-eabi/lib/thumb/v7e-m+dp/hard\libc_nano.a(lib_a-findfp.o) (__retarget_lock_init_recursive)
c:/st/stm32cubeide_1.7.0/stm32cubeide/plugins/com.st.stm32cube.ide.mcu.externaltools.gnu-tools-for-stm32.9-2020-q2-update.win32_2.0.0.202105311346/tools/bin/../lib/gcc/arm-none-eabi/9.3.1/../../../../arm-none-eabi/lib/thumb/v7e-m+dp/hard\libc_nano.a(lib_a-memcpy-stub.o)
                              ./Middlewares/Third_Party/FreeRTOS/Source/CMSIS_RTOS_V2/cmsis_os2.o (memcpy)
c:/st/stm32cubeide_1.7.0/stm32cubeide/plugins/com.st.stm32cube.ide.mcu.externaltools.gnu-tools-for-stm32.9-2020-q2-update.win32_2.0.0.202105311346/tools/bin/../lib/gcc/arm-none-eabi/9.3.1/../../../../arm-none-eabi/lib/thumb/v7e-m+dp/hard\libc_nano.a(lib_a-memset.o)
                              c:/st/stm32cubeide_1.7.0/stm32cubeide/plugins/com.st.stm32cube.ide.mcu.externaltools.gnu-tools-for-stm32.9-2020-q2-update.win32_2.0.0.202105311346/tools/bin/../lib/gcc/arm-none-eabi/9.3.1/../../../../arm-none-eabi/lib/thumb/v7e-m+dp/hard/crt0.o (memset)
c:/st/stm32cubeide_1.7.0/stm32cubeide/plugins/com.st.stm32cube.ide.mcu.externaltools.gnu-tools-for-stm32.9-2020-q2-update.win32_2.0.0.202105311346/tools/bin/../lib/gcc/arm-none-eabi/9.3.1/../../../../arm-none-eabi/lib/thumb/v7e-m+dp/hard\libc_nano.a(lib_a-nano-mallocr.o)
[...]
Memory Configuration

Name             Origin             Length             Attributes
ITCMRAM          0x0000000000000000 0x0000000000010000 xrw
DTCMRAM          0x0000000020000000 0x0000000000020000 xrw
FLASH            0x0000000008000000 0x0000000000100000 xr
RAM_D1           0x0000000024000000 0x0000000000050000 xrw
RAM_D2           0x0000000030000000 0x0000000000008000 xrw
RAM_D3           0x0000000038000000 0x0000000000004000 xrw
*default*        0x0000000000000000 0xffffffffffffffff

Linker script and memory map

LOAD c:/st/stm32cubeide_1.7.0/stm32cubeide/plugins/com.st.stm32cube.ide.mcu.externaltools.gnu-tools-for-stm32.9-2020-q2-update.win32_2.0.0.202105311346/tools/bin/../lib/gcc/arm-none-eabi/9.3.1/thumb/v7e-m+dp/hard/crti.o
LOAD c:/st/stm32cubeide_1.7.0/stm32cubeide/plugins/com.st.stm32cube.ide.mcu.externaltools.gnu-tools-for-stm32.9-2020-q2-update.win32_2.0.0.202105311346/tools/bin/../lib/gcc/arm-none-eabi/9.3.1/thumb/v7e-m+dp/hard/crtbegin.o
LOAD c:/st/stm32cubeide_1.7.0/stm32cubeide/plugins/com.st.stm32cube.ide.mcu.externaltools.gnu-tools-for-stm32.9-2020-q2-update.win32_2.0.0.202105311346/tools/bin/../lib/gcc/arm-none-eabi/9.3.1/../../../../arm-none-eabi/lib/thumb/v7e-m+dp/hard/crt0.o
LOAD ./Core/Src/freertos.o
LOAD ./Core/Src/main.o
LOAD ./Core/Src/stm32h7xx_hal_msp.o
LOAD ./Core/Src/stm32h7xx_hal_timebase_tim.o
LOAD ./Core/Src/stm32h7xx_it.o
LOAD ./Core/Src/syscalls.o
LOAD ./Core/Src/sysmem.o
LOAD ./Core/Src/system_stm32h7xx.o
LOAD ./Core/Startup/startup_stm32h723zgtx.o
LOAD ./Drivers/STM32H7xx_HAL_Driver/Src/stm32h7xx_hal.o
LOAD ./Drivers/STM32H7xx_HAL_Driver/Src/stm32h7xx_hal_cortex.o
LOAD ./Drivers/STM32H7xx_HAL_Driver/Src/stm32h7xx_hal_dma.o
LOAD ./Drivers/STM32H7xx_HAL_Driver/Src/stm32h7xx_hal_dma_ex.o
LOAD ./Drivers/STM32H7xx_HAL_Driver/Src/stm32h7xx_hal_eth.o
LOAD ./Drivers/STM32H7xx_HAL_Driver/Src/stm32h7xx_hal_eth_ex.o
LOAD ./Drivers/STM32H7xx_HAL_Driver/Src/stm32h7xx_hal_exti.o
LOAD ./Drivers/STM32H7xx_HAL_Driver/Src/stm32h7xx_hal_flash.o
LOAD ./Drivers/STM32H7xx_HAL_Driver/Src/stm32h7xx_hal_flash_ex.o
LOAD ./Drivers/STM32H7xx_HAL_Driver/Src/stm32h7xx_hal_gpio.o
LOAD ./Drivers/STM32H7xx_HAL_Driver/Src/stm32h7xx_hal_hsem.o
LOAD ./Drivers/STM32H7xx_HAL_Driver/Src/stm32h7xx_hal_i2c.o
LOAD ./Drivers/STM32H7xx_HAL_Driver/Src/stm32h7xx_hal_i2c_ex.o
LOAD ./Drivers/STM32H7xx_HAL_Driver/Src/stm32h7xx_hal_mdma.o
LOAD ./Drivers/STM32H7xx_HAL_Driver/Src/stm32h7xx_hal_pwr.o
LOAD ./Drivers/STM32H7xx_HAL_Driver/Src/stm32h7xx_hal_pwr_ex.o
LOAD ./Drivers/STM32H7xx_HAL_Driver/Src/stm32h7xx_hal_rcc.o
LOAD ./Drivers/STM32H7xx_HAL_Driver/Src/stm32h7xx_hal_rcc_ex.o
LOAD ./Drivers/STM32H7xx_HAL_Driver/Src/stm32h7xx_hal_tim.o
LOAD ./Drivers/STM32H7xx_HAL_Driver/Src/stm32h7xx_hal_tim_ex.o
LOAD ./Drivers/STM32H7xx_HAL_Driver/Src/stm32h7xx_hal_uart.o
LOAD ./Drivers/STM32H7xx_HAL_Driver/Src/stm32h7xx_hal_uart_ex.o
LOAD ./Middlewares/Third_Party/FreeRTOS/Source/CMSIS_RTOS_V2/cmsis_os2.o
LOAD ./Middlewares/Third_Party/FreeRTOS/Source/croutine.o
LOAD ./Middlewares/Third_Party/FreeRTOS/Source/event_groups.o
LOAD ./Middlewares/Third_Party/FreeRTOS/Source/list.o
LOAD ./Middlewares/Third_Party/FreeRTOS/Source/queue.o
LOAD ./Middlewares/Third_Party/FreeRTOS/Source/stream_buffer.o
LOAD ./Middlewares/Third_Party/FreeRTOS/Source/tasks.o
LOAD ./Middlewares/Third_Party/FreeRTOS/Source/timers.o
LOAD ./Middlewares/Third_Party/FreeRTOS/Source/portable/GCC/ARM_CM4F/port.o
LOAD ./Middlewares/Third_Party/FreeRTOS/Source/portable/MemMang/heap_4.o
START GROUP
LOAD c:/st/stm32cubeide_1.7.0/stm32cubeide/plugins/com.st.stm32cube.ide.mcu.externaltools.gnu-tools-for-stm32.9-2020-q2-update.win32_2.0.0.202105311346/tools/bin/../lib/gcc/arm-none-eabi/9.3.1/../../../../arm-none-eabi/lib/thumb/v7e-m+dp/hard\libc_nano.a
LOAD c:/st/stm32cubeide_1.7.0/stm32cubeide/plugins/com.st.stm32cube.ide.mcu.externaltools.gnu-tools-for-stm32.9-2020-q2-update.win32_2.0.0.202105311346/tools/bin/../lib/gcc/arm-none-eabi/9.3.1/../../../../arm-none-eabi/lib/thumb/v7e-m+dp/hard\libm.a
END GROUP
START GROUP
LOAD c:/st/stm32cubeide_1.7.0/stm32cubeide/plugins/com.st.stm32cube.ide.mcu.externaltools.gnu-tools-for-stm32.9-2020-q2-update.win32_2.0.0.202105311346/tools/bin/../lib/gcc/arm-none-eabi/9.3.1/thumb/v7e-m+dp/hard\libgcc.a
LOAD c:/st/stm32cubeide_1.7.0/stm32cubeide/plugins/com.st.stm32cube.ide.mcu.externaltools.gnu-tools-for-stm32.9-2020-q2-update.win32_2.0.0.202105311346/tools/bin/../lib/gcc/arm-none-eabi/9.3.1/../../../../arm-none-eabi/lib/thumb/v7e-m+dp/hard\libc_nano.a
END GROUP
START GROUP
LOAD c:/st/stm32cubeide_1.7.0/stm32cubeide/plugins/com.st.stm32cube.ide.mcu.externaltools.gnu-tools-for-stm32.9-2020-q2-update.win32_2.0.0.202105311346/tools/bin/../lib/gcc/arm-none-eabi/9.3.1/thumb/v7e-m+dp/hard\libgcc.a
LOAD c:/st/stm32cubeide_1.7.0/stm32cubeide/plugins/com.st.stm32cube.ide.mcu.externaltools.gnu-tools-for-stm32.9-2020-q2-update.win32_2.0.0.202105311346/tools/bin/../lib/gcc/arm-none-eabi/9.3.1/../../../../arm-none-eabi/lib/thumb/v7e-m+dp/hard\libc_nano.a
LOAD c:/st/stm32cubeide_1.7.0/stm32cubeide/plugins/com.st.stm32cube.ide.mcu.externaltools.gnu-tools-for-stm32.9-2020-q2-update.win32_2.0.0.202105311346/tools/bin/../lib/gcc/arm-none-eabi/9.3.1/../../../../arm-none-eabi/lib/thumb/v7e-m+dp/hard\libnosys.a
END GROUP
START GROUP
LOAD c:/st/stm32cubeide_1.7.0/stm32cubeide/plugins/com.st.stm32cube.ide.mcu.externaltools.gnu-tools-for-stm32.9-2020-q2-update.win32_2.0.0.202105311346/tools/bin/../lib/gcc/arm-none-eabi/9.3.1/thumb/v7e-m+dp/hard\libgcc.a
LOAD c:/st/stm32cubeide_1.7.0/stm32cubeide/plugins/com.st.stm32cube.ide.mcu.externaltools.gnu-tools-for-stm32.9-2020-q2-update.win32_2.0.0.202105311346/tools/bin/../lib/gcc/arm-none-eabi/9.3.1/../../../../arm-none-eabi/lib/thumb/v7e-m+dp/hard\libc_nano.a
LOAD c:/st/stm32cubeide_1.7.0/stm32cubeide/plugins/com.st.stm32cube.ide.mcu.externaltools.gnu-tools-for-stm32.9-2020-q2-update.win32_2.0.0.202105311346/tools/bin/../lib/gcc/arm-none-eabi/9.3.1/../../../../arm-none-eabi/lib/thumb/v7e-m+dp/hard\libnosys.a
END GROUP
LOAD c:/st/stm32cubeide_1.7.0/stm32cubeide/plugins/com.st.stm32cube.ide.mcu.externaltools.gnu-tools-for-stm32.9-2020-q2-update.win32_2.0.0.202105311346/tools/bin/../lib/gcc/arm-none-eabi/9.3.1/thumb/v7e-m+dp/hard/crtend.o
LOAD c:/st/stm32cubeide_1.7.0/stm32cubeide/plugins/com.st.stm32cube.ide.mcu.externaltools.gnu-tools-for-stm32.9-2020-q2-update.win32_2.0.0.202105311346/tools/bin/../lib/gcc/arm-none-eabi/9.3.1/thumb/v7e-m+dp/hard/crtn.o
                0x0000000024050000                _estack = (ORIGIN (RAM_D1) + LENGTH (RAM_D1))
                0x0000000000000200                _Min_Heap_Size = 0x200
                0x0000000000000400                _Min_Stack_Size = 0x400

.isr_vector     0x0000000008000000      0x2cc
                0x0000000008000000                . = ALIGN (0x4)
 *(.isr_vector)
 .isr_vector    0x0000000008000000      0x2cc ./Core/Startup/startup_stm32h723zgtx.o
                0x0000000008000000                g_pfnVectors
                0x00000000080002cc                . = ALIGN (0x4)

.text           0x00000000080002d0     0xaba8
                0x00000000080002d0                . = ALIGN (0x4)
 *(.text)
 .text          0x00000000080002d0       0x40 c:/st/stm32cubeide_1.7.0/stm32cubeide/plugins/com.st.stm32cube.ide.mcu.externaltools.gnu-tools-for-stm32.9-2020-q2-update.win32_2.0.0.202105311346/tools/bin/../lib/gcc/arm-none-eabi/9.3.1/thumb/v7e-m+dp/hard/crtbegin.o
 .text          0x0000000008000310       0x10 c:/st/stm32cubeide_1.7.0/stm32cubeide/plugins/com.st.stm32cube.ide.mcu.externaltools.gnu-tools-for-stm32.9-2020-q2-update.win32_2.0.0.202105311346/tools/bin/../lib/gcc/arm-none-eabi/9.3.1/../../../../arm-none-eabi/lib/thumb/v7e-m+dp/hard\libc_nano.a(lib_a-strlen.o)
                0x0000000008000310                strlen
 .text          0x0000000008000320       0x30 c:/st/stm32cubeide_1.7.0/stm32cubeide/plugins/com.st.stm32cube.ide.mcu.externaltools.gnu-tools-for-stm32.9-2020-q2-update.win32_2.0.0.202105311346/tools/bin/../lib/gcc/arm-none-eabi/9.3.1/thumb/v7e-m+dp/hard\libgcc.a(_aeabi_uldivmod.o)
                0x0000000008000320                __aeabi_uldivmod
 .text          0x0000000008000350      0x2c4 c:/st/stm32cubeide_1.7.0/stm32cubeide/plugins/com.st.stm32cube.ide.mcu.externaltools.gnu-tools-for-stm32.9-2020-q2-update.win32_2.0.0.202105311346/tools/bin/../lib/gcc/arm-none-eabi/9.3.1/thumb/v7e-m+dp/hard\libgcc.a(_udivmoddi4.o)
                0x0000000008000350                __udivmoddi4
 .text          0x0000000008000614        0x4 c:/st/stm32cubeide_1.7.0/stm32cubeide/plugins/com.st.stm32cube.ide.mcu.externaltools.gnu-tools-for-stm32.9-2020-q2-update.win32_2.0.0.202105311346/tools/bin/../lib/gcc/arm-none-eabi/9.3.1/thumb/v7e-m+dp/hard\libgcc.a(_dvmd_tls.o)
                0x0000000008000614                __aeabi_idiv0
                0x0000000008000614                __aeabi_ldiv0
 *(.text*)
 .text.ESP_Send
                0x0000000008000618       0x40 ./Core/Src/main.o
                0x0000000008000618                ESP_Send
 .text.ESP_Print_Response
                0x0000000008000658       0x28 ./Core/Src/main.o
                0x0000000008000658                ESP_Print_Response
 .text.Clear_Buffer
                0x0000000008000680       0x20 ./Core/Src/main.o
                0x0000000008000680                Clear_Buffer
 .text.main     0x00000000080006a0       0x64 ./Core/Src/main.o
                0x00000000080006a0                main
 .text.SystemClock_Config
                0x0000000008000704       0xe0 ./Core/Src/main.o
                0x0000000008000704                SystemClock_Config
 .text.MX_ETH_Init
                0x00000000080007e4       0x98 ./Core/Src/main.o
 .text.MX_USART2_UART_Init
                0x000000000800087c       0x98 ./Core/Src/main.o
 .text.MX_USART3_UART_Init
                0x0000000008000914       0x98 ./Core/Src/main.o
 .text.MX_USB_OTG_HS_USB_Init
                0x00000000080009ac        0xe ./Core/Src/main.o
 *fill*         0x00000000080009ba        0x2 
 .text.MX_GPIO_Init
                0x00000000080009bc      0x1f8 ./Core/Src/main.o
 .text.HAL_UART_RxCpltCallback
                0x0000000008000bb4       0x68 ./Core/Src/main.o
                0x0000000008000bb4                HAL_UART_RxCpltCallback
 .text.StartBlinkTask01
                0x0000000008000c1c       0x20 ./Core/Src/main.o
                0x0000000008000c1c                StartBlinkTask01
 .text.StartBlinkTask02
                0x0000000008000c3c       0xa0 ./Core/Src/main.o
                0x0000000008000c3c                StartBlinkTask02
 .text.HAL_TIM_PeriodElapsedCallback
                0x0000000008000cdc       0x24 ./Core/Src/main.o
                0x0000000008000cdc                HAL_TIM_PeriodElapsedCallback
 .text.Error_Handler
                0x0000000008000d00        0xa ./Core/Src/main.o
                0x0000000008000d00                Error_Handler
 *fill*         0x0000000008000d0a        0x2 
 .text.HAL_MspInit
                0x0000000008000d0c       0x3c ./Core/Src/stm32h7xx_hal_msp.o
                0x0000000008000d0c                HAL_MspInit
 .text.HAL_ETH_MspInit
                0x0000000008000d48      0x19c ./Core/Src/stm32h7xx_hal_msp.o
                0x0000000008000d48                HAL_ETH_MspInit
 .text.HAL_UART_MspInit
                0x0000000008000ee4      0x1bc ./Core/Src/stm32h7xx_hal_msp.o
                0x0000000008000ee4                HAL_UART_MspInit
 .text.HAL_InitTick
                0x00000000080010a0       0xd8 ./Core/Src/stm32h7xx_hal_timebase_tim.o
                0x00000000080010a0                HAL_InitTick
 .text.NMI_Handler
                0x0000000008001178        0x6 ./Core/Src/stm32h7xx_it.o
                0x0000000008001178                NMI_Handler
 .text.HardFault_Handler
                0x000000000800117e        0x6 ./Core/Src/stm32h7xx_it.o
                0x000000000800117e                HardFault_Handler
 .text.MemManage_Handler
                0x0000000008001184        0x6 ./Core/Src/stm32h7xx_it.o
                0x0000000008001184                MemManage_Handler
 .text.BusFault_Handler
                0x000000000800118a        0x6 ./Core/Src/stm32h7xx_it.o
                0x000000000800118a                BusFault_Handler
 .text.UsageFault_Handler
                0x0000000008001190        0x6 ./Core/Src/stm32h7xx_it.o
                0x0000000008001190                UsageFault_Handler
 .text.DebugMon_Handler
                0x0000000008001196        0xe ./Core/Src/stm32h7xx_it.o
                0x0000000008001196                DebugMon_Handler
 .text.USART2_IRQHandler
                0x00000000080011a4       0x14 ./Core/Src/stm32h7xx_it.o
                0x00000000080011a4                USART2_IRQHandler
 .text.TIM6_DAC_IRQHandler
                0x00000000080011b8       0x14 ./Core/Src/stm32h7xx_it.o
                0x00000000080011b8                TIM6_DAC_IRQHandler
 .text.SystemInit
                0x00000000080011cc       0xf0 ./Core/Src/system_stm32h7xx.o
                0x00000000080011cc                SystemInit
 .text.Reset_Handler
                0x00000000080012bc       0x50 ./Core/Startup/startup_stm32h723zgtx.o
                0x00000000080012bc                Reset_Handler
 .text.Default_Handler
                0x000000000800130c        0x2 ./Core/Startup/startup_stm32h723zgtx.o
                0x000000000800130c                RTC_Alarm_IRQHandler
                0x000000000800130c                EXTI2_IRQHandler
                0x000000000800130c                TIM8_CC_IRQHandler
                0x000000000800130c                UART8_IRQHandler
                0x000000000800130c                SPI4_IRQHandler
                0x000000000800130c                FDCAN3_IT0_IRQHandler
                0x000000000800130c                TIM1_CC_IRQHandler
                0x000000000800130c                BDMA_Channel6_IRQHandler
                0x000000000800130c                DMA2_Stream5_IRQHandler
                0x000000000800130c                DMA1_Stream5_IRQHandler
                0x000000000800130c                CORDIC_IRQHandler
                0x000000000800130c                BDMA_Channel1_IRQHandler
                0x000000000800130c                TAMP_STAMP_IRQHandler
                0x000000000800130c                EXTI3_IRQHandler
                0x000000000800130c                LPTIM4_IRQHandler
                0x000000000800130c                TIM8_TRG_COM_TIM14_IRQHandler
                0x000000000800130c                LPTIM2_IRQHandler
                0x000000000800130c                DFSDM1_FLT1_IRQHandler
                0x000000000800130c                DMAMUX2_OVR_IRQHandler
                0x000000000800130c                TIM8_UP_TIM13_IRQHandler
                0x000000000800130c                I2C3_ER_IRQHandler
                0x000000000800130c                DFSDM1_FLT2_IRQHandler
                0x000000000800130c                I2C5_EV_IRQHandler
                0x000000000800130c                USART10_IRQHandler
                0x000000000800130c                MDMA_IRQHandler
                0x000000000800130c                LPTIM3_IRQHandler
                0x000000000800130c                HSEM1_IRQHandler
                0x000000000800130c                EXTI0_IRQHandler
                0x000000000800130c                I2C2_EV_IRQHandler
                0x000000000800130c                DMA1_Stream2_IRQHandler
                0x000000000800130c                FPU_IRQHandler
                0x000000000800130c                OTG_HS_WKUP_IRQHandler
                0x000000000800130c                FDCAN1_IT1_IRQHandler
                0x000000000800130c                LTDC_ER_IRQHandler
                0x000000000800130c                DMA2_Stream2_IRQHandler
                0x000000000800130c                SPI1_IRQHandler
                0x000000000800130c                OCTOSPI1_IRQHandler
                0x000000000800130c                DMA2_Stream3_IRQHandler
                0x000000000800130c                OCTOSPI2_IRQHandler
                0x000000000800130c                DFSDM1_FLT3_IRQHandler
                0x000000000800130c                TIM23_IRQHandler
                0x000000000800130c                USART6_IRQHandler
                0x000000000800130c                TIM17_IRQHandler
                0x000000000800130c                USART3_IRQHandler
                0x000000000800130c                BDMA_Channel7_IRQHandler
                0x000000000800130c                LPTIM5_IRQHandler
                0x000000000800130c                UART5_IRQHandler
                0x000000000800130c                ADC3_IRQHandler
                0x000000000800130c                DMA2_Stream0_IRQHandler
                0x000000000800130c                TIM4_IRQHandler
                0x000000000800130c                BDMA_Channel2_IRQHandler
                0x000000000800130c                I2C1_EV_IRQHandler
                0x000000000800130c                DMA1_Stream6_IRQHandler
                0x000000000800130c                DMAMUX1_OVR_IRQHandler
                0x000000000800130c                DMA1_Stream1_IRQHandler
                0x000000000800130c                TIM16_IRQHandler
                0x000000000800130c                UART4_IRQHandler
                0x000000000800130c                BDMA_Channel5_IRQHandler
                0x000000000800130c                TIM3_IRQHandler
                0x000000000800130c                RCC_IRQHandler
                0x000000000800130c                UART9_IRQHandler
                0x000000000800130c                TIM8_BRK_TIM12_IRQHandler
                0x000000000800130c                TIM1_TRG_COM_IRQHandler
                0x000000000800130c                Default_Handler
                0x000000000800130c                ECC_IRQHandler
                0x000000000800130c                FMAC_IRQHandler
                0x000000000800130c                CEC_IRQHandler
                0x000000000800130c                EXTI15_10_IRQHandler
                0x000000000800130c                BDMA_Channel0_IRQHandler
                0x000000000800130c                ADC_IRQHandler
                0x000000000800130c                I2C5_ER_IRQHandler
                0x000000000800130c                DMA1_Stream7_IRQHandler
                0x000000000800130c                SPI5_IRQHandler
                0x000000000800130c                TIM7_IRQHandler
                0x000000000800130c                FDCAN3_IT1_IRQHandler
                0x000000000800130c                SDMMC1_IRQHandler
                0x000000000800130c                TIM5_IRQHandler
                0x000000000800130c                DMA2_Stream7_IRQHandler
                0x000000000800130c                TIM15_IRQHandler
                0x000000000800130c                PVD_AVD_IRQHandler
                0x000000000800130c                I2C3_EV_IRQHandler
                0x000000000800130c                EXTI9_5_IRQHandler
                0x000000000800130c                RTC_WKUP_IRQHandler
                0x000000000800130c                LTDC_IRQHandler
                0x000000000800130c                ETH_WKUP_IRQHandler
                0x000000000800130c                SPDIF_RX_IRQHandler
                0x000000000800130c                SPI2_IRQHandler
                0x000000000800130c                OTG_HS_EP1_IN_IRQHandler
                0x000000000800130c                DMA1_Stream0_IRQHandler
                0x000000000800130c                TIM24_IRQHandler
                0x000000000800130c                CRS_IRQHandler
                0x000000000800130c                EXTI4_IRQHandler
                0x000000000800130c                RNG_IRQHandler
                0x000000000800130c                FDCAN2_IT1_IRQHandler
                0x000000000800130c                ETH_IRQHandler
                0x000000000800130c                TIM1_UP_IRQHandler
                0x000000000800130c                BDMA_Channel4_IRQHandler
                0x000000000800130c                OTG_HS_EP1_OUT_IRQHandler
                0x000000000800130c                WWDG_IRQHandler
                0x000000000800130c                SPI6_IRQHandler
                0x000000000800130c                MDIOS_IRQHandler
                0x000000000800130c                I2C4_EV_IRQHandler
                0x000000000800130c                FDCAN2_IT0_IRQHandler
                0x000000000800130c                LPUART1_IRQHandler
                0x000000000800130c                FDCAN1_IT0_IRQHandler
                0x000000000800130c                TIM2_IRQHandler
                0x000000000800130c                OTG_HS_IRQHandler
                0x000000000800130c                DMA2D_IRQHandler
                0x000000000800130c                TIM1_BRK_IRQHandler
                0x000000000800130c                EXTI1_IRQHandler
                0x000000000800130c                SDMMC2_IRQHandler
                0x000000000800130c                BDMA_Channel3_IRQHandler
                0x000000000800130c                DTS_IRQHandler
                0x000000000800130c                UART7_IRQHandler
                0x000000000800130c                MDIOS_WKUP_IRQHandler
                0x000000000800130c                DFSDM1_FLT0_IRQHandler
                0x000000000800130c                SAI4_IRQHandler
                0x000000000800130c                I2C2_ER_IRQHandler
                0x000000000800130c                DMA2_Stream1_IRQHandler
                0x000000000800130c                FLASH_IRQHandler
                0x000000000800130c                DMA2_Stream4_IRQHandler
                0x000000000800130c                USART1_IRQHandler
                0x000000000800130c                SPI3_IRQHandler
                0x000000000800130c                WAKEUP_PIN_IRQHandler
                0x000000000800130c                DMA1_Stream4_IRQHandler
                0x000000000800130c                I2C1_ER_IRQHandler
                0x000000000800130c                FMC_IRQHandler
                0x000000000800130c                FDCAN_CAL_IRQHandler
                0x000000000800130c                SWPMI1_IRQHandler
                0x000000000800130c                COMP1_IRQHandler
                0x000000000800130c                LPTIM1_IRQHandler
                0x000000000800130c                DCMI_PSSI_IRQHandler
                0x000000000800130c                I2C4_ER_IRQHandler
                0x000000000800130c                DMA2_Stream6_IRQHandler
                0x000000000800130c                SAI1_IRQHandler
                0x000000000800130c                DMA1_Stream3_IRQHandler
 *fill*         0x000000000800130e        0x2 
 .text.HAL_Init
                0x0000000008001310       0x78 ./Drivers/STM32H7xx_HAL_Driver/Src/stm32h7xx_hal.o
                0x0000000008001310                HAL_Init
 .text.HAL_IncTick
                0x0000000008001388       0x28 ./Drivers/STM32H7xx_HAL_Driver/Src/stm32h7xx_hal.o
                0x0000000008001388                HAL_IncTick
 .text.HAL_GetTick
                0x00000000080013b0       0x18 ./Drivers/STM32H7xx_HAL_Driver/Src/stm32h7xx_hal.o
                0x00000000080013b0                HAL_GetTick
 .text.HAL_Delay
                0x00000000080013c8       0x48 ./Drivers/STM32H7xx_HAL_Driver/Src/stm32h7xx_hal.o
                0x00000000080013c8                HAL_Delay
 .text.HAL_SYSCFG_ETHInterfaceSelect
                0x0000000008001410       0x28 ./Drivers/STM32H7xx_HAL_Driver/Src/stm32h7xx_hal.o
                0x0000000008001410                HAL_SYSCFG_ETHInterfaceSelect
 .text.__NVIC_SetPriorityGrouping
                0x0000000008001438       0x48 ./Drivers/STM32H7xx_HAL_Driver/Src/stm32h7xx_hal_cortex.o
 .text.__NVIC_GetPriorityGrouping
                0x0000000008001480       0x1c ./Drivers/STM32H7xx_HAL_Driver/Src/stm32h7xx_hal_cortex.o
 .text.__NVIC_EnableIRQ
                0x000000000800149c       0x3c ./Drivers/STM32H7xx_HAL_Driver/Src/stm32h7xx_hal_cortex.o
 .text.__NVIC_SetPriority
                0x00000000080014d8       0x54 ./Drivers/STM32H7xx_HAL_Driver/Src/stm32h7xx_hal_cortex.o
 .text.NVIC_EncodePriority
                0x000000000800152c       0x66 ./Drivers/STM32H7xx_HAL_Driver/Src/stm32h7xx_hal_cortex.o
 .text.HAL_NVIC_SetPriorityGrouping
                0x0000000008001592       0x16 ./Drivers/STM32H7xx_HAL_Driver/Src/stm32h7xx_hal_cortex.o
                0x0000000008001592                HAL_NVIC_SetPriorityGrouping
 .text.HAL_NVIC_SetPriority
                0x00000000080015a8       0x34 ./Drivers/STM32H7xx_HAL_Driver/Src/stm32h7xx_hal_cortex.o
                0x00000000080015a8                HAL_NVIC_SetPriority
 .text.HAL_NVIC_EnableIRQ
                0x00000000080015dc       0x1c ./Drivers/STM32H7xx_HAL_Driver/Src/stm32h7xx_hal_cortex.o
                0x00000000080015dc                HAL_NVIC_EnableIRQ
 .text.HAL_DMA_Abort
                0x00000000080015f8      0x63c ./Drivers/STM32H7xx_HAL_Driver/Src/stm32h7xx_hal_dma.o
                0x00000000080015f8                HAL_DMA_Abort
 .text.HAL_DMA_Abort_IT
                0x0000000008001c34      0x488 ./Drivers/STM32H7xx_HAL_Driver/Src/stm32h7xx_hal_dma.o
                0x0000000008001c34                HAL_DMA_Abort_IT
 .text.HAL_ETH_Init
                0x00000000080020bc      0x1b4 ./Drivers/STM32H7xx_HAL_Driver/Src/stm32h7xx_hal_eth.o
                0x00000000080020bc                HAL_ETH_Init
 .text.ETH_SetMACConfig
                0x0000000008002270      0x238 ./Drivers/STM32H7xx_HAL_Driver/Src/stm32h7xx_hal_eth.o
 .text.ETH_SetDMAConfig
                0x00000000080024a8      0x10c ./Drivers/STM32H7xx_HAL_Driver/Src/stm32h7xx_hal_eth.o
 .text.ETH_MACDMAConfig
                0x00000000080025b4      0x13a ./Drivers/STM32H7xx_HAL_Driver/Src/stm32h7xx_hal_eth.o
 *fill*         0x00000000080026ee        0x2 
 .text.ETH_MAC_MDIO_ClkConfig
                0x00000000080026f0       0xb0 ./Drivers/STM32H7xx_HAL_Driver/Src/stm32h7xx_hal_eth.o
 .text.ETH_DMATxDescListInit
                0x00000000080027a0       0x8e ./Drivers/STM32H7xx_HAL_Driver/Src/stm32h7xx_hal_eth.o
 .text.ETH_DMARxDescListInit
                0x000000000800282e       0xba ./Drivers/STM32H7xx_HAL_Driver/Src/stm32h7xx_hal_eth.o
 .text.HAL_GPIO_Init
                0x00000000080028e8      0x350 ./Drivers/STM32H7xx_HAL_Driver/Src/stm32h7xx_hal_gpio.o
                0x00000000080028e8                HAL_GPIO_Init
 .text.HAL_GPIO_WritePin
                0x0000000008002c38       0x32 ./Drivers/STM32H7xx_HAL_Driver/Src/stm32h7xx_hal_gpio.o
                0x0000000008002c38                HAL_GPIO_WritePin
 .text.HAL_GPIO_TogglePin
                0x0000000008002c6a       0x34 ./Drivers/STM32H7xx_HAL_Driver/Src/stm32h7xx_hal_gpio.o
                0x0000000008002c6a                HAL_GPIO_TogglePin
 *fill*         0x0000000008002c9e        0x2 
 .text.HAL_PWREx_ConfigSupply
                0x0000000008002ca0       0x74 ./Drivers/STM32H7xx_HAL_Driver/Src/stm32h7xx_hal_pwr_ex.o
                0x0000000008002ca0                HAL_PWREx_ConfigSupply
 .text.HAL_RCC_OscConfig
                0x0000000008002d14      0x758 ./Drivers/STM32H7xx_HAL_Driver/Src/stm32h7xx_hal_rcc.o
                0x0000000008002d14                HAL_RCC_OscConfig
 .text.HAL_RCC_ClockConfig
                0x000000000800346c      0x36c ./Drivers/STM32H7xx_HAL_Driver/Src/stm32h7xx_hal_rcc.o
                0x000000000800346c                HAL_RCC_ClockConfig
 .text.HAL_RCC_GetSysClockFreq
                0x00000000080037d8      0x2f4 ./Drivers/STM32H7xx_HAL_Driver/Src/stm32h7xx_hal_rcc.o
                0x00000000080037d8                HAL_RCC_GetSysClockFreq
 .text.HAL_RCC_GetHCLKFreq
                0x0000000008003acc       0x60 ./Drivers/STM32H7xx_HAL_Driver/Src/stm32h7xx_hal_rcc.o
                0x0000000008003acc                HAL_RCC_GetHCLKFreq
 .text.HAL_RCC_GetPCLK1Freq
                0x0000000008003b2c       0x2c ./Drivers/STM32H7xx_HAL_Driver/Src/stm32h7xx_hal_rcc.o
                0x0000000008003b2c                HAL_RCC_GetPCLK1Freq
 .text.HAL_RCC_GetPCLK2Freq
                0x0000000008003b58       0x2c ./Drivers/STM32H7xx_HAL_Driver/Src/stm32h7xx_hal_rcc.o
                0x0000000008003b58                HAL_RCC_GetPCLK2Freq
 .text.HAL_RCC_GetClockConfig
                0x0000000008003b84       0x84 ./Drivers/STM32H7xx_HAL_Driver/Src/stm32h7xx_hal_rcc.o
                0x0000000008003b84                HAL_RCC_GetClockConfig
 .text.HAL_RCCEx_PeriphCLKConfig
                0x0000000008003c08      0xdf4 ./Drivers/STM32H7xx_HAL_Driver/Src/stm32h7xx_hal_rcc_ex.o
                0x0000000008003c08                HAL_RCCEx_PeriphCLKConfig
 .text.HAL_RCCEx_GetD3PCLK1Freq
                0x00000000080049fc       0x2c ./Drivers/STM32H7xx_HAL_Driver/Src/stm32h7xx_hal_rcc_ex.o
                0x00000000080049fc                HAL_RCCEx_GetD3PCLK1Freq
 .text.HAL_RCCEx_GetPLL2ClockFreq
                0x0000000008004a28      0x2a8 ./Drivers/STM32H7xx_HAL_Driver/Src/stm32h7xx_hal_rcc_ex.o
                0x0000000008004a28                HAL_RCCEx_GetPLL2ClockFreq
 .text.HAL_RCCEx_GetPLL3ClockFreq
                0x0000000008004cd0      0x2a8 ./Drivers/STM32H7xx_HAL_Driver/Src/stm32h7xx_hal_rcc_ex.o
                0x0000000008004cd0                HAL_RCCEx_GetPLL3ClockFreq
 .text.RCCEx_PLL2_Config
                0x0000000008004f78      0x164 ./Drivers/STM32H7xx_HAL_Driver/Src/stm32h7xx_hal_rcc_ex.o
 .text.RCCEx_PLL3_Config
                0x00000000080050dc      0x164 ./Drivers/STM32H7xx_HAL_Driver/Src/stm32h7xx_hal_rcc_ex.o
 .text.HAL_TIM_Base_Init
                0x0000000008005240       0xae ./Drivers/STM32H7xx_HAL_Driver/Src/stm32h7xx_hal_tim.o
                0x0000000008005240                HAL_TIM_Base_Init
 .text.HAL_TIM_Base_MspInit
                0x00000000080052ee       0x14 ./Drivers/STM32H7xx_HAL_Driver/Src/stm32h7xx_hal_tim.o
                0x00000000080052ee                HAL_TIM_Base_MspInit
 *fill*         0x0000000008005302        0x2 
 .text.HAL_TIM_Base_Start_IT
                0x0000000008005304      0x10c ./Drivers/STM32H7xx_HAL_Driver/Src/stm32h7xx_hal_tim.o
                0x0000000008005304                HAL_TIM_Base_Start_IT
 .text.HAL_TIM_IRQHandler
                0x0000000008005410      0x23e ./Drivers/STM32H7xx_HAL_Driver/Src/stm32h7xx_hal_tim.o
                0x0000000008005410                HAL_TIM_IRQHandler
 .text.HAL_TIM_OC_DelayElapsedCallback
                0x000000000800564e       0x14 ./Drivers/STM32H7xx_HAL_Driver/Src/stm32h7xx_hal_tim.o
                0x000000000800564e                HAL_TIM_OC_DelayElapsedCallback
 .text.HAL_TIM_IC_CaptureCallback
                0x0000000008005662       0x14 ./Drivers/STM32H7xx_HAL_Driver/Src/stm32h7xx_hal_tim.o
                0x0000000008005662                HAL_TIM_IC_CaptureCallback
 .text.HAL_TIM_PWM_PulseFinishedCallback
                0x0000000008005676       0x14 ./Drivers/STM32H7xx_HAL_Driver/Src/stm32h7xx_hal_tim.o
                0x0000000008005676                HAL_TIM_PWM_PulseFinishedCallback
 .text.HAL_TIM_TriggerCallback
                0x000000000800568a       0x14 ./Drivers/STM32H7xx_HAL_Driver/Src/stm32h7xx_hal_tim.o
                0x000000000800568a                HAL_TIM_TriggerCallback
 *fill*         0x000000000800569e        0x2 
 .text.TIM_Base_SetConfig
                0x00000000080056a0      0x14c ./Drivers/STM32H7xx_HAL_Driver/Src/stm32h7xx_hal_tim.o
                0x00000000080056a0                TIM_Base_SetConfig
 .text.HAL_TIMEx_CommutCallback
                0x00000000080057ec       0x14 ./Drivers/STM32H7xx_HAL_Driver/Src/stm32h7xx_hal_tim_ex.o
                0x00000000080057ec                HAL_TIMEx_CommutCallback
 .text.HAL_TIMEx_BreakCallback
                0x0000000008005800       0x14 ./Drivers/STM32H7xx_HAL_Driver/Src/stm32h7xx_hal_tim_ex.o
                0x0000000008005800                HAL_TIMEx_BreakCallback
 .text.HAL_TIMEx_Break2Callback
                0x0000000008005814       0x14 ./Drivers/STM32H7xx_HAL_Driver/Src/stm32h7xx_hal_tim_ex.o
                0x0000000008005814                HAL_TIMEx_Break2Callback
 .text.HAL_UART_Init
                0x0000000008005828       0xa0 ./Drivers/STM32H7xx_HAL_Driver/Src/stm32h7xx_hal_uart.o
                0x0000000008005828                HAL_UART_Init
 .text.HAL_UART_Transmit
                0x00000000080058c8      0x12c ./Drivers/STM32H7xx_HAL_Driver/Src/stm32h7xx_hal_uart.o
                0x00000000080058c8                HAL_UART_Transmit
 .text.HAL_UART_Receive_IT
                0x00000000080059f4       0xac ./Drivers/STM32H7xx_HAL_Driver/Src/stm32h7xx_hal_uart.o
                0x00000000080059f4                HAL_UART_Receive_IT
 .text.HAL_UART_IRQHandler
                0x0000000008005aa0      0x73c ./Drivers/STM32H7xx_HAL_Driver/Src/stm32h7xx_hal_uart.o
                0x0000000008005aa0                HAL_UART_IRQHandler
 .text.HAL_UART_TxCpltCallback
                0x00000000080061dc       0x14 ./Drivers/STM32H7xx_HAL_Driver/Src/stm32h7xx_hal_uart.o
                0x00000000080061dc                HAL_UART_TxCpltCallback
 .text.HAL_UART_ErrorCallback
                0x00000000080061f0       0x14 ./Drivers/STM32H7xx_HAL_Driver/Src/stm32h7xx_hal_uart.o
                0x00000000080061f0                HAL_UART_ErrorCallback
 .text.HAL_UARTEx_RxEventCallback
                0x0000000008006204       0x18 ./Drivers/STM32H7xx_HAL_Driver/Src/stm32h7xx_hal_uart.o
                0x0000000008006204                HAL_UARTEx_RxEventCallback
 .text.UART_SetConfig
                0x000000000800621c      0xcbc ./Drivers/STM32H7xx_HAL_Driver/Src/stm32h7xx_hal_uart.o
                0x000000000800621c                UART_SetConfig
 .text.UART_AdvFeatureConfig
                0x0000000008006ed8      0x144 ./Drivers/STM32H7xx_HAL_Driver/Src/stm32h7xx_hal_uart.o
                0x0000000008006ed8                UART_AdvFeatureConfig
 .text.UART_CheckIdleState
                0x000000000800701c       0x96 ./Drivers/STM32H7xx_HAL_Driver/Src/stm32h7xx_hal_uart.o
                0x000000000800701c                UART_CheckIdleState
 .text.UART_WaitOnFlagUntilTimeout
                0x00000000080070b2      0x190 ./Drivers/STM32H7xx_HAL_Driver/Src/stm32h7xx_hal_uart.o
                0x00000000080070b2                UART_WaitOnFlagUntilTimeout
 *fill*         0x0000000008007242        0x2 
 .text.UART_Start_Receive_IT
                0x0000000008007244      0x254 ./Drivers/STM32H7xx_HAL_Driver/Src/stm32h7xx_hal_uart.o
                0x0000000008007244                UART_Start_Receive_IT
 .text.UART_EndRxTransfer
                0x0000000008007498       0xcc ./Drivers/STM32H7xx_HAL_Driver/Src/stm32h7xx_hal_uart.o
 .text.UART_DMAAbortOnError
                0x0000000008007564       0x2c ./Drivers/STM32H7xx_HAL_Driver/Src/stm32h7xx_hal_uart.o
 .text.UART_EndTransmit_IT
                0x0000000008007590       0x56 ./Drivers/STM32H7xx_HAL_Driver/Src/stm32h7xx_hal_uart.o
 .text.UART_RxISR_8BIT
                0x00000000080075e6      0x160 ./Drivers/STM32H7xx_HAL_Driver/Src/stm32h7xx_hal_uart.o
 .text.UART_RxISR_16BIT
                0x0000000008007746      0x160 ./Drivers/STM32H7xx_HAL_Driver/Src/stm32h7xx_hal_uart.o
 *fill*         0x00000000080078a6        0x2 
 .text.UART_RxISR_8BIT_FIFOEN
                0x00000000080078a8      0x2f8 ./Drivers/STM32H7xx_HAL_Driver/Src/stm32h7xx_hal_uart.o
 .text.UART_RxISR_16BIT_FIFOEN
                0x0000000008007ba0      0x300 ./Drivers/STM32H7xx_HAL_Driver/Src/stm32h7xx_hal_uart.o
 .text.HAL_UARTEx_WakeupCallback
                0x0000000008007ea0       0x14 ./Drivers/STM32H7xx_HAL_Driver/Src/stm32h7xx_hal_uart_ex.o
                0x0000000008007ea0                HAL_UARTEx_WakeupCallback
 .text.HAL_UARTEx_RxFifoFullCallback
                0x0000000008007eb4       0x14 ./Drivers/STM32H7xx_HAL_Driver/Src/stm32h7xx_hal_uart_ex.o
                0x0000000008007eb4                HAL_UARTEx_RxFifoFullCallback
 .text.HAL_UARTEx_TxFifoEmptyCallback
                0x0000000008007ec8       0x14 ./Drivers/STM32H7xx_HAL_Driver/Src/stm32h7xx_hal_uart_ex.o
                0x0000000008007ec8                HAL_UARTEx_TxFifoEmptyCallback
 .text.HAL_UARTEx_DisableFifoMode
                0x0000000008007edc       0x72 ./Drivers/STM32H7xx_HAL_Driver/Src/stm32h7xx_hal_uart_ex.o
                0x0000000008007edc                HAL_UARTEx_DisableFifoMode
 .text.HAL_UARTEx_SetTxFifoThreshold
                0x0000000008007f4e       0x7c ./Drivers/STM32H7xx_HAL_Driver/Src/stm32h7xx_hal_uart_ex.o
                0x0000000008007f4e                HAL_UARTEx_SetTxFifoThreshold
 .text.HAL_UARTEx_SetRxFifoThreshold
                0x0000000008007fca       0x7c ./Drivers/STM32H7xx_HAL_Driver/Src/stm32h7xx_hal_uart_ex.o
                0x0000000008007fca                HAL_UARTEx_SetRxFifoThreshold
 *fill*         0x0000000008008046        0x2 
 .text.UARTEx_SetNbDataToProcess
                0x0000000008008048       0x9c ./Drivers/STM32H7xx_HAL_Driver/Src/stm32h7xx_hal_uart_ex.o
 .text.__NVIC_SetPriority
                0x00000000080080e4       0x54 ./Middlewares/Third_Party/FreeRTOS/Source/CMSIS_RTOS_V2/cmsis_os2.o
 .text.SysTick_Handler
                0x0000000008008138       0x20 ./Middlewares/Third_Party/FreeRTOS/Source/CMSIS_RTOS_V2/cmsis_os2.o
                0x0000000008008138                SysTick_Handler
 .text.SVC_Setup
                0x0000000008008158       0x12 ./Middlewares/Third_Party/FreeRTOS/Source/CMSIS_RTOS_V2/cmsis_os2.o
 *fill*         0x000000000800816a        0x2 
 .text.osKernelInitialize
                0x000000000800816c       0x48 ./Middlewares/Third_Party/FreeRTOS/Source/CMSIS_RTOS_V2/cmsis_os2.o
                0x000000000800816c                osKernelInitialize
 .text.osKernelStart
                0x00000000080081b4       0x4c ./Middlewares/Third_Party/FreeRTOS/Source/CMSIS_RTOS_V2/cmsis_os2.o
                0x00000000080081b4                osKernelStart
 .text.osThreadNew
                0x0000000008008200      0x124 ./Middlewares/Third_Party/FreeRTOS/Source/CMSIS_RTOS_V2/cmsis_os2.o
                0x0000000008008200                osThreadNew
 .text.osDelay  0x0000000008008324       0x36 ./Middlewares/Third_Party/FreeRTOS/Source/CMSIS_RTOS_V2/cmsis_os2.o
                0x0000000008008324                osDelay
 *fill*         0x000000000800835a        0x2 
 .text.vApplicationGetIdleTaskMemory
                0x000000000800835c       0x34 ./Middlewares/Third_Party/FreeRTOS/Source/CMSIS_RTOS_V2/cmsis_os2.o
                0x000000000800835c                vApplicationGetIdleTaskMemory
 .text.vApplicationGetTimerTaskMemory
                0x0000000008008390       0x34 ./Middlewares/Third_Party/FreeRTOS/Source/CMSIS_RTOS_V2/cmsis_os2.o
                0x0000000008008390                vApplicationGetTimerTaskMemory
 .text.vListInitialise
                0x00000000080083c4       0x40 ./Middlewares/Third_Party/FreeRTOS/Source/list.o
                0x00000000080083c4                vListInitialise
 .text.vListInitialiseItem
                0x0000000008008404       0x1a ./Middlewares/Third_Party/FreeRTOS/Source/list.o
                0x0000000008008404                vListInitialiseItem
 .text.vListInsertEnd
                0x000000000800841e       0x48 ./Middlewares/Third_Party/FreeRTOS/Source/list.o
                0x000000000800841e                vListInsertEnd
 .text.vListInsert
                0x0000000008008466       0x72 ./Middlewares/Third_Party/FreeRTOS/Source/list.o
                0x0000000008008466                vListInsert
 .text.uxListRemove
                0x00000000080084d8       0x54 ./Middlewares/Third_Party/FreeRTOS/Source/list.o
                0x00000000080084d8                uxListRemove
 .text.xQueueGenericReset
                0x000000000800852c       0xd0 ./Middlewares/Third_Party/FreeRTOS/Source/queue.o
                0x000000000800852c                xQueueGenericReset
 .text.xQueueGenericCreateStatic
                0x00000000080085fc       0xf0 ./Middlewares/Third_Party/FreeRTOS/Source/queue.o
                0x00000000080085fc                xQueueGenericCreateStatic
 .text.prvInitialiseNewQueue
                0x00000000080086ec       0x46 ./Middlewares/Third_Party/FreeRTOS/Source/queue.o
 *fill*         0x0000000008008732        0x2 
 .text.xQueueGenericSend
                0x0000000008008734      0x1fc ./Middlewares/Third_Party/FreeRTOS/Source/queue.o
                0x0000000008008734                xQueueGenericSend
 .text.xQueueGenericSendFromISR
                0x0000000008008930      0x136 ./Middlewares/Third_Party/FreeRTOS/Source/queue.o
                0x0000000008008930                xQueueGenericSendFromISR
 *fill*         0x0000000008008a66        0x2 
 .text.xQueueReceive
                0x0000000008008a68      0x1c0 ./Middlewares/Third_Party/FreeRTOS/Source/queue.o
                0x0000000008008a68                xQueueReceive
 .text.prvCopyDataToQueue
                0x0000000008008c28       0xd4 ./Middlewares/Third_Party/FreeRTOS/Source/queue.o
 .text.prvCopyDataFromQueue
                0x0000000008008cfc       0x4c ./Middlewares/Third_Party/FreeRTOS/Source/queue.o
 .text.prvUnlockQueue
                0x0000000008008d48       0xa4 ./Middlewares/Third_Party/FreeRTOS/Source/queue.o
 .text.prvIsQueueEmpty
                0x0000000008008dec       0x2c ./Middlewares/Third_Party/FreeRTOS/Source/queue.o
 .text.prvIsQueueFull
                0x0000000008008e18       0x30 ./Middlewares/Third_Party/FreeRTOS/Source/queue.o
 .text.vQueueAddToRegistry
                0x0000000008008e48       0x54 ./Middlewares/Third_Party/FreeRTOS/Source/queue.o
                0x0000000008008e48                vQueueAddToRegistry
 .text.vQueueWaitForMessageRestricted
                0x0000000008008e9c       0x68 ./Middlewares/Third_Party/FreeRTOS/Source/queue.o
                0x0000000008008e9c                vQueueWaitForMessageRestricted
 .text.xTaskCreateStatic
                0x0000000008008f04       0xba ./Middlewares/Third_Party/FreeRTOS/Source/tasks.o
                0x0000000008008f04                xTaskCreateStatic
 .text.xTaskCreate
                0x0000000008008fbe       0x8a ./Middlewares/Third_Party/FreeRTOS/Source/tasks.o
                0x0000000008008fbe                xTaskCreate
 .text.prvInitialiseNewTask
                0x0000000008009048      0x14c ./Middlewares/Third_Party/FreeRTOS/Source/tasks.o
 .text.prvAddNewTaskToReadyList
                0x0000000008009194       0xe0 ./Middlewares/Third_Party/FreeRTOS/Source/tasks.o
 .text.vTaskDelay
                0x0000000008009274       0x68 ./Middlewares/Third_Party/FreeRTOS/Source/tasks.o
                0x0000000008009274                vTaskDelay
 .text.vTaskStartScheduler
                0x00000000080092dc       0xe0 ./Middlewares/Third_Party/FreeRTOS/Source/tasks.o
                0x00000000080092dc                vTaskStartScheduler
 .text.vTaskSuspendAll
                0x00000000080093bc       0x1c ./Middlewares/Third_Party/FreeRTOS/Source/tasks.o
                0x00000000080093bc                vTaskSuspendAll
 .text.xTaskResumeAll
                0x00000000080093d8      0x13c ./Middlewares/Third_Party/FreeRTOS/Source/tasks.o
                0x00000000080093d8                xTaskResumeAll
 .text.xTaskGetTickCount
                0x0000000008009514       0x20 ./Middlewares/Third_Party/FreeRTOS/Source/tasks.o
                0x0000000008009514                xTaskGetTickCount
 .text.xTaskIncrementTick
                0x0000000008009534      0x174 ./Middlewares/Third_Party/FreeRTOS/Source/tasks.o
                0x0000000008009534                xTaskIncrementTick
 .text.vTaskSwitchContext
                0x00000000080096a8       0xc8 ./Middlewares/Third_Party/FreeRTOS/Source/tasks.o
                0x00000000080096a8                vTaskSwitchContext
 .text.vTaskPlaceOnEventList
                0x0000000008009770       0x48 ./Middlewares/Third_Party/FreeRTOS/Source/tasks.o
                0x0000000008009770                vTaskPlaceOnEventList
 .text.vTaskPlaceOnEventListRestricted
                0x00000000080097b8       0x58 ./Middlewares/Third_Party/FreeRTOS/Source/tasks.o
                0x00000000080097b8                vTaskPlaceOnEventListRestricted
 .text.xTaskRemoveFromEventList
                0x0000000008009810       0xc8 ./Middlewares/Third_Party/FreeRTOS/Source/tasks.o
                0x0000000008009810                xTaskRemoveFromEventList
 .text.vTaskInternalSetTimeOutState
                0x00000000080098d8       0x2c ./Middlewares/Third_Party/FreeRTOS/Source/tasks.o
                0x00000000080098d8                vTaskInternalSetTimeOutState
 .text.xTaskCheckForTimeOut
                0x0000000008009904       0xc4 ./Middlewares/Third_Party/FreeRTOS/Source/tasks.o
                0x0000000008009904                xTaskCheckForTimeOut
 .text.vTaskMissedYield
                0x00000000080099c8       0x18 ./Middlewares/Third_Party/FreeRTOS/Source/tasks.o
                0x00000000080099c8                vTaskMissedYield
 .text.prvIdleTask
                0x00000000080099e0       0x30 ./Middlewares/Third_Party/FreeRTOS/Source/tasks.o
 .text.prvInitialiseTaskLists
                0x0000000008009a10       0x80 ./Middlewares/Third_Party/FreeRTOS/Source/tasks.o
 .text.prvCheckTasksWaitingTermination
                0x0000000008009a90       0x5c ./Middlewares/Third_Party/FreeRTOS/Source/tasks.o
 .text.prvDeleteTCB
                0x0000000008009aec       0x68 ./Middlewares/Third_Party/FreeRTOS/Source/tasks.o
 .text.prvResetNextTaskUnblockTime
                0x0000000008009b54       0x40 ./Middlewares/Third_Party/FreeRTOS/Source/tasks.o
 .text.xTaskGetSchedulerState
                0x0000000008009b94       0x3c ./Middlewares/Third_Party/FreeRTOS/Source/tasks.o
                0x0000000008009b94                xTaskGetSchedulerState
 .text.xTaskPriorityDisinherit
                0x0000000008009bd0       0xdc ./Middlewares/Third_Party/FreeRTOS/Source/tasks.o
                0x0000000008009bd0                xTaskPriorityDisinherit
 .text.prvAddCurrentTaskToDelayedList
                0x0000000008009cac       0xa8 ./Middlewares/Third_Party/FreeRTOS/Source/tasks.o
 .text.xTimerCreateTimerTask
                0x0000000008009d54       0x90 ./Middlewares/Third_Party/FreeRTOS/Source/timers.o
                0x0000000008009d54                xTimerCreateTimerTask
 .text.xTimerGenericCommand
                0x0000000008009de4       0x9c ./Middlewares/Third_Party/FreeRTOS/Source/timers.o
                0x0000000008009de4                xTimerGenericCommand
 .text.prvProcessExpiredTimer
                0x0000000008009e80       0x98 ./Middlewares/Third_Party/FreeRTOS/Source/timers.o
 .text.prvTimerTask
                0x0000000008009f18       0x24 ./Middlewares/Third_Party/FreeRTOS/Source/timers.o
 .text.prvProcessTimerOrBlockTask
                0x0000000008009f3c       0x9c ./Middlewares/Third_Party/FreeRTOS/Source/timers.o
 .text.prvGetNextExpireTime
                0x0000000008009fd8       0x48 ./Middlewares/Third_Party/FreeRTOS/Source/timers.o
 .text.prvSampleTimeNow
                0x000000000800a020       0x40 ./Middlewares/Third_Party/FreeRTOS/Source/timers.o
 .text.prvInsertTimerInActiveList
                0x000000000800a060       0x84 ./Middlewares/Third_Party/FreeRTOS/Source/timers.o
 .text.prvProcessReceivedCommands
                0x000000000800a0e4      0x1c4 ./Middlewares/Third_Party/FreeRTOS/Source/timers.o
 .text.prvSwitchTimerLists
                0x000000000800a2a8       0xc8 ./Middlewares/Third_Party/FreeRTOS/Source/timers.o
 .text.prvCheckForValidListAndQueue
                0x000000000800a370       0x80 ./Middlewares/Third_Party/FreeRTOS/Source/timers.o
 .text.pxPortInitialiseStack
                0x000000000800a3f0       0x68 ./Middlewares/Third_Party/FreeRTOS/Source/portable/GCC/ARM_CM4F/port.o
                0x000000000800a3f0                pxPortInitialiseStack
 .text.prvTaskExitError
                0x000000000800a458       0x58 ./Middlewares/Third_Party/FreeRTOS/Source/portable/GCC/ARM_CM4F/port.o
 .text.SVC_Handler
                0x000000000800a4b0       0x28 ./Middlewares/Third_Party/FreeRTOS/Source/portable/GCC/ARM_CM4F/port.o
                0x000000000800a4b0                SVC_Handler
 .text.prvPortStartFirstTask
                0x000000000800a4d8       0x28 ./Middlewares/Third_Party/FreeRTOS/Source/portable/GCC/ARM_CM4F/port.o
 .text.xPortStartScheduler
                0x000000000800a500      0x144 ./Middlewares/Third_Party/FreeRTOS/Source/portable/GCC/ARM_CM4F/port.o
                0x000000000800a500                xPortStartScheduler
 .text.vPortEnterCritical
                0x000000000800a644       0x60 ./Middlewares/Third_Party/FreeRTOS/Source/portable/GCC/ARM_CM4F/port.o
                0x000000000800a644                vPortEnterCritical
 .text.vPortExitCritical
                0x000000000800a6a4       0x54 ./Middlewares/Third_Party/FreeRTOS/Source/portable/GCC/ARM_CM4F/port.o
                0x000000000800a6a4                vPortExitCritical
 *fill*         0x000000000800a6f8        0x8 
 .text.PendSV_Handler
                0x000000000800a700       0x68 ./Middlewares/Third_Party/FreeRTOS/Source/portable/GCC/ARM_CM4F/port.o
                0x000000000800a700                PendSV_Handler
 .text.xPortSysTickHandler
                0x000000000800a768       0x44 ./Middlewares/Third_Party/FreeRTOS/Source/portable/GCC/ARM_CM4F/port.o
                0x000000000800a768                xPortSysTickHandler
 .text.vPortSetupTimerInterrupt
                0x000000000800a7ac       0x48 ./Middlewares/Third_Party/FreeRTOS/Source/portable/GCC/ARM_CM4F/port.o
                0x000000000800a7ac                vPortSetupTimerInterrupt
 .text.vPortEnableVFP
                0x000000000800a7f4       0x14 ./Middlewares/Third_Party/FreeRTOS/Source/portable/GCC/ARM_CM4F/port.o
 .text.vPortValidateInterruptPriority
                0x000000000800a808       0x80 ./Middlewares/Third_Party/FreeRTOS/Source/portable/GCC/ARM_CM4F/port.o
                0x000000000800a808                vPortValidateInterruptPriority
 .text.pvPortMalloc
                0x000000000800a888      0x198 ./Middlewares/Third_Party/FreeRTOS/Source/portable/MemMang/heap_4.o
                0x000000000800a888                pvPortMalloc
 .text.vPortFree
                0x000000000800aa20       0xc4 ./Middlewares/Third_Party/FreeRTOS/Source/portable/MemMang/heap_4.o
                0x000000000800aa20                vPortFree
 .text.prvHeapInit
                0x000000000800aae4       0xc4 ./Middlewares/Third_Party/FreeRTOS/Source/portable/MemMang/heap_4.o
 .text.prvInsertBlockIntoFreeList
                0x000000000800aba8       0xb4 ./Middlewares/Third_Party/FreeRTOS/Source/portable/MemMang/heap_4.o
 .text.__libc_init_array
                0x000000000800ac5c       0x48 c:/st/stm32cubeide_1.7.0/stm32cubeide/plugins/com.st.stm32cube.ide.mcu.externaltools.gnu-tools-for-stm32.9-2020-q2-update.win32_2.0.0.202105311346/tools/bin/../lib/gcc/arm-none-eabi/9.3.1/../../../../arm-none-eabi/lib/thumb/v7e-m+dp/hard\libc_nano.a(lib_a-init.o)
                0x000000000800ac5c                __libc_init_array
 .text.__retarget_lock_acquire_recursive
                0x000000000800aca4        0x2 c:/st/stm32cubeide_1.7.0/stm32cubeide/plugins/com.st.stm32cube.ide.mcu.externaltools.gnu-tools-for-stm32.9-2020-q2-update.win32_2.0.0.202105311346/tools/bin/../lib/gcc/arm-none-eabi/9.3.1/../../../../arm-none-eabi/lib/thumb/v7e-m+dp/hard\libc_nano.a(lib_a-lock.o)
                0x000000000800aca4                __retarget_lock_acquire_recursive
 .text.__retarget_lock_release_recursive
                0x000000000800aca6        0x2 c:/st/stm32cubeide_1.7.0/stm32cubeide/plugins/com.st.stm32cube.ide.mcu.externaltools.gnu-tools-for-stm32.9-2020-q2-update.win32_2.0.0.202105311346/tools/bin/../lib/gcc/arm-none-eabi/9.3.1/../../../../arm-none-eabi/lib/thumb/v7e-m+dp/hard\libc_nano.a(lib_a-lock.o)
                0x000000000800aca6                __retarget_lock_release_recursive
 .text.memcpy   0x000000000800aca8       0x1c c:/st/stm32cubeide_1.7.0/stm32cubeide/plugins/com.st.stm32cube.ide.mcu.externaltools.gnu-tools-for-stm32.9-2020-q2-update.win32_2.0.0.202105311346/tools/bin/../lib/gcc/arm-none-eabi/9.3.1/../../../../arm-none-eabi/lib/thumb/v7e-m+dp/hard\libc_nano.a(lib_a-memcpy-stub.o)
                0x000000000800aca8                memcpy
 .text.memset   0x000000000800acc4       0x10 c:/st/stm32cubeide_1.7.0/stm32cubeide/plugins/com.st.stm32cube.ide.mcu.externaltools.gnu-tools-for-stm32.9-2020-q2-update.win32_2.0.0.202105311346/tools/bin/../lib/gcc/arm-none-eabi/9.3.1/../../../../arm-none-eabi/lib/thumb/v7e-m+dp/hard\libc_nano.a(lib_a-memset.o)
                0x000000000800acc4                memset
 .text.cleanup_glue
                0x000000000800acd4       0x1a c:/st/stm32cubeide_1.7.0/stm32cubeide/plugins/com.st.stm32cube.ide.mcu.externaltools.gnu-tools-for-stm32.9-2020-q2-update.win32_2.0.0.202105311346/tools/bin/../lib/gcc/arm-none-eabi/9.3.1/../../../../arm-none-eabi/lib/thumb/v7e-m+dp/hard\libc_nano.a(lib_a-reent.o)
                0x000000000800acd4                cleanup_glue
 *fill*         0x000000000800acee        0x2 
 .text._reclaim_reent
                0x000000000800acf0       0xb8 c:/st/stm32cubeide_1.7.0/stm32cubeide/plugins/com.st.stm32cube.ide.mcu.externaltools.gnu-tools-for-stm32.9-2020-q2-update.win32_2.0.0.202105311346/tools/bin/../lib/gcc/arm-none-eabi/9.3.1/../../../../arm-none-eabi/lib/thumb/v7e-m+dp/hard\libc_nano.a(lib_a-reent.o)
                0x000000000800acf0                _reclaim_reent
 .text.__malloc_lock
                0x000000000800ada8        0xc c:/st/stm32cubeide_1.7.0/stm32cubeide/plugins/com.st.stm32cube.ide.mcu.externaltools.gnu-tools-for-stm32.9-2020-q2-update.win32_2.0.0.202105311346/tools/bin/../lib/gcc/arm-none-eabi/9.3.1/../../../../arm-none-eabi/lib/thumb/v7e-m+dp/hard\libc_nano.a(lib_a-mlock.o)
                0x000000000800ada8                __malloc_lock
 .text.__malloc_unlock
                0x000000000800adb4        0xc c:/st/stm32cubeide_1.7.0/stm32cubeide/plugins/com.st.stm32cube.ide.mcu.externaltools.gnu-tools-for-stm32.9-2020-q2-update.win32_2.0.0.202105311346/tools/bin/../lib/gcc/arm-none-eabi/9.3.1/../../../../arm-none-eabi/lib/thumb/v7e-m+dp/hard\libc_nano.a(lib_a-mlock.o)
                0x000000000800adb4                __malloc_unlock
 .text._free_r  0x000000000800adc0       0xa0 c:/st/stm32cubeide_1.7.0/stm32cubeide/plugins/com.st.stm32cube.ide.mcu.externaltools.gnu-tools-for-stm32.9-2020-q2-update.win32_2.0.0.202105311346/tools/bin/../lib/gcc/arm-none-eabi/9.3.1/../../../../arm-none-eabi/lib/thumb/v7e-m+dp/hard\libc_nano.a(lib_a-nano-freer.o)
                0x000000000800adc0                _free_r
 *(.glue_7)
 .glue_7        0x000000000800ae60        0x0 linker stubs
 *(.glue_7t)
 .glue_7t       0x000000000800ae60        0x0 linker stubs
 *(.eh_frame)
 .eh_frame      0x000000000800ae60        0x0 c:/st/stm32cubeide_1.7.0/stm32cubeide/plugins/com.st.stm32cube.ide.mcu.externaltools.gnu-tools-for-stm32.9-2020-q2-update.win32_2.0.0.202105311346/tools/bin/../lib/gcc/arm-none-eabi/9.3.1/thumb/v7e-m+dp/hard/crtbegin.o
 *(.init)
 .init          0x000000000800ae60        0x4 c:/st/stm32cubeide_1.7.0/stm32cubeide/plugins/com.st.stm32cube.ide.mcu.externaltools.gnu-tools-for-stm32.9-2020-q2-update.win32_2.0.0.202105311346/tools/bin/../lib/gcc/arm-none-eabi/9.3.1/thumb/v7e-m+dp/hard/crti.o
                0x000000000800ae60                _init
 .init          0x000000000800ae64        0x8 c:/st/stm32cubeide_1.7.0/stm32cubeide/plugins/com.st.stm32cube.ide.mcu.externaltools.gnu-tools-for-stm32.9-2020-q2-update.win32_2.0.0.202105311346/tools/bin/../lib/gcc/arm-none-eabi/9.3.1/thumb/v7e-m+dp/hard/crtn.o
 *(.fini)
 .fini          0x000000000800ae6c        0x4 c:/st/stm32cubeide_1.7.0/stm32cubeide/plugins/com.st.stm32cube.ide.mcu.externaltools.gnu-tools-for-stm32.9-2020-q2-update.win32_2.0.0.202105311346/tools/bin/../lib/gcc/arm-none-eabi/9.3.1/thumb/v7e-m+dp/hard/crti.o
                0x000000000800ae6c                _fini
 .fini          0x000000000800ae70        0x8 c:/st/stm32cubeide_1.7.0/stm32cubeide/plugins/com.st.stm32cube.ide.mcu.externaltools.gnu-tools-for-stm32.9-2020-q2-update.win32_2.0.0.202105311346/tools/bin/../lib/gcc/arm-none-eabi/9.3.1/thumb/v7e-m+dp/hard/crtn.o
                0x000000000800ae78                . = ALIGN (0x4)
                0x000000000800ae78                _etext = .

.vfp11_veneer   0x000000000800ae78        0x0
 .vfp11_veneer  0x000000000800ae78        0x0 linker stubs

.v4_bx          0x000000000800ae78        0x0
 .v4_bx         0x000000000800ae78        0x0 linker stubs

.iplt           0x000000000800ae78        0x0
 .iplt          0x000000000800ae78        0x0 c:/st/stm32cubeide_1.7.0/stm32cubeide/plugins/com.st.stm32cube.ide.mcu.externaltools.gnu-tools-for-stm32.9-2020-q2-update.win32_2.0.0.202105311346/tools/bin/../lib/gcc/arm-none-eabi/9.3.1/thumb/v7e-m+dp/hard/crtbegin.o

.rodata         0x000000000800ae78      0x15c
                0x000000000800ae78                . = ALIGN (0x4)
 *(.rodata)
 .rodata        0x000000000800ae78       0x62 ./Core/Src/main.o
 *fill*         0x000000000800aeda        0x2 
 .rodata        0x000000000800aedc        0x5 ./Middlewares/Third_Party/FreeRTOS/Source/tasks.o
 *fill*         0x000000000800aee1        0x3 
 .rodata        0x000000000800aee4        0xd ./Middlewares/Third_Party/FreeRTOS/Source/timers.o
 *(.rodata*)
 *fill*         0x000000000800aef1        0x3 
 .rodata.BlinkTask01_attributes
                0x000000000800aef4       0x24 ./Core/Src/main.o
                0x000000000800aef4                BlinkTask01_attributes
 .rodata.BlinkTask02_attributes
                0x000000000800af18       0x24 ./Core/Src/main.o
                0x000000000800af18                BlinkTask02_attributes
 .rodata.D1CorePrescTable
                0x000000000800af3c       0x10 ./Core/Src/system_stm32h7xx.o
                0x000000000800af3c                D1CorePrescTable
 .rodata.UARTPrescTable
                0x000000000800af4c       0x18 ./Drivers/STM32H7xx_HAL_Driver/Src/stm32h7xx_hal_uart.o
                0x000000000800af4c                UARTPrescTable
 .rodata.numerator.11336
                0x000000000800af64        0x8 ./Drivers/STM32H7xx_HAL_Driver/Src/stm32h7xx_hal_uart_ex.o
 .rodata.denominator.11337
                0x000000000800af6c        0x8 ./Drivers/STM32H7xx_HAL_Driver/Src/stm32h7xx_hal_uart_ex.o
 .rodata.__sf_fake_stderr
                0x000000000800af74       0x20 c:/st/stm32cubeide_1.7.0/stm32cubeide/plugins/com.st.stm32cube.ide.mcu.externaltools.gnu-tools-for-stm32.9-2020-q2-update.win32_2.0.0.202105311346/tools/bin/../lib/gcc/arm-none-eabi/9.3.1/../../../../arm-none-eabi/lib/thumb/v7e-m+dp/hard\libc_nano.a(lib_a-findfp.o)
                0x000000000800af74                __sf_fake_stderr
 .rodata.__sf_fake_stdin
                0x000000000800af94       0x20 c:/st/stm32cubeide_1.7.0/stm32cubeide/plugins/com.st.stm32cube.ide.mcu.externaltools.gnu-tools-for-stm32.9-2020-q2-update.win32_2.0.0.202105311346/tools/bin/../lib/gcc/arm-none-eabi/9.3.1/../../../../arm-none-eabi/lib/thumb/v7e-m+dp/hard\libc_nano.a(lib_a-findfp.o)
                0x000000000800af94                __sf_fake_stdin
 .rodata.__sf_fake_stdout
                0x000000000800afb4       0x20 c:/st/stm32cubeide_1.7.0/stm32cubeide/plugins/com.st.stm32cube.ide.mcu.externaltools.gnu-tools-for-stm32.9-2020-q2-update.win32_2.0.0.202105311346/tools/bin/../lib/gcc/arm-none-eabi/9.3.1/../../../../arm-none-eabi/lib/thumb/v7e-m+dp/hard\libc_nano.a(lib_a-findfp.o)
                0x000000000800afb4                __sf_fake_stdout
                0x000000000800afd4                . = ALIGN (0x4)

.ARM.extab
 *(.ARM.extab* .gnu.linkonce.armextab.*)

.ARM            0x000000000800afd4        0x8
                0x000000000800afd4                __exidx_start = .
 *(.ARM.exidx*)
 .ARM.exidx     0x000000000800afd4        0x8 c:/st/stm32cubeide_1.7.0/stm32cubeide/plugins/com.st.stm32cube.ide.mcu.externaltools.gnu-tools-for-stm32.9-2020-q2-update.win32_2.0.0.202105311346/tools/bin/../lib/gcc/arm-none-eabi/9.3.1/thumb/v7e-m+dp/hard\libgcc.a(_udivmoddi4.o)
                0x000000000800afdc                __exidx_end = .

.rel.dyn        0x000000000800afdc        0x0
 .rel.iplt      0x000000000800afdc        0x0 c:/st/stm32cubeide_1.7.0/stm32cubeide/plugins/com.st.stm32cube.ide.mcu.externaltools.gnu-tools-for-stm32.9-2020-q2-update.win32_2.0.0.202105311346/tools/bin/../lib/gcc/arm-none-eabi/9.3.1/thumb/v7e-m+dp/hard/crtbegin.o

.preinit_array  0x000000000800afdc        0x0
                0x000000000800afdc                PROVIDE (__preinit_array_start = .)
 *(.preinit_array*)
                0x000000000800afdc                PROVIDE (__preinit_array_end = .)

.init_array     0x000000000800afdc        0x4
                0x000000000800afdc                PROVIDE (__init_array_start = .)
 *(SORT_BY_NAME(.init_array.*))
 *(.init_array*)
 .init_array    0x000000000800afdc        0x4 c:/st/stm32cubeide_1.7.0/stm32cubeide/plugins/com.st.stm32cube.ide.mcu.externaltools.gnu-tools-for-stm32.9-2020-q2-update.win32_2.0.0.202105311346/tools/bin/../lib/gcc/arm-none-eabi/9.3.1/thumb/v7e-m+dp/hard/crtbegin.o
                0x000000000800afe0                PROVIDE (__init_array_end = .)

.fini_array     0x000000000800afe0        0x4
                [!provide]                        PROVIDE (__fini_array_start = .)
 *(SORT_BY_NAME(.fini_array.*))
 *(.fini_array*)
 .fini_array    0x000000000800afe0        0x4 c:/st/stm32cubeide_1.7.0/stm32cubeide/plugins/com.st.stm32cube.ide.mcu.externaltools.gnu-tools-for-stm32.9-2020-q2-update.win32_2.0.0.202105311346/tools/bin/../lib/gcc/arm-none-eabi/9.3.1/thumb/v7e-m+dp/hard/crtbegin.o
                [!provide]                        PROVIDE (__fini_array_end = .)
                0x000000000800afe4                _sidata = LOADADDR (.data)

.data           0x0000000024000000       0x78 load address 0x000000000800afe4
                0x0000000024000000                . = ALIGN (0x4)
                0x0000000024000000                _sdata = .
 *(.data)
 *(.data*)
 .data.SystemCoreClock
                0x0000000024000000        0x4 ./Core/Src/system_stm32h7xx.o
                0x0000000024000000                SystemCoreClock
 .data.SystemD2Clock
                0x0000000024000004        0x4 ./Core/Src/system_stm32h7xx.o
                0x0000000024000004                SystemD2Clock
 .data.uwTickPrio
                0x0000000024000008        0x4 ./Drivers/STM32H7xx_HAL_Driver/Src/stm32h7xx_hal.o
                0x0000000024000008                uwTickPrio
 .data.uwTickFreq
                0x000000002400000c        0x1 ./Drivers/STM32H7xx_HAL_Driver/Src/stm32h7xx_hal.o
                0x000000002400000c                uwTickFreq
 *fill*         0x000000002400000d        0x3 
 .data.uxCriticalNesting
                0x0000000024000010        0x4 ./Middlewares/Third_Party/FreeRTOS/Source/portable/GCC/ARM_CM4F/port.o
 .data._impure_ptr
                0x0000000024000014        0x4 c:/st/stm32cubeide_1.7.0/stm32cubeide/plugins/com.st.stm32cube.ide.mcu.externaltools.gnu-tools-for-stm32.9-2020-q2-update.win32_2.0.0.202105311346/tools/bin/../lib/gcc/arm-none-eabi/9.3.1/../../../../arm-none-eabi/lib/thumb/v7e-m+dp/hard\libc_nano.a(lib_a-impure.o)
                0x0000000024000014                _impure_ptr
 .data.impure_data
                0x0000000024000018       0x60 c:/st/stm32cubeide_1.7.0/stm32cubeide/plugins/com.st.stm32cube.ide.mcu.externaltools.gnu-tools-for-stm32.9-2020-q2-update.win32_2.0.0.202105311346/tools/bin/../lib/gcc/arm-none-eabi/9.3.1/../../../../arm-none-eabi/lib/thumb/v7e-m+dp/hard\libc_nano.a(lib_a-impure.o)
 *(.RamFunc)
 *(.RamFunc*)
                0x0000000024000078                . = ALIGN (0x4)
                0x0000000024000078                _edata = .

.igot.plt       0x0000000024000078        0x0 load address 0x000000000800b05c
 .igot.plt      0x0000000024000078        0x0 c:/st/stm32cubeide_1.7.0/stm32cubeide/plugins/com.st.stm32cube.ide.mcu.externaltools.gnu-tools-for-stm32.9-2020-q2-update.win32_2.0.0.202105311346/tools/bin/../lib/gcc/arm-none-eabi/9.3.1/thumb/v7e-m+dp/hard/crtbegin.o

.RxDecripSection
                0x0000000024000078       0x60 load address 0x000000000800b05c
 .RxDecripSection
                0x0000000024000078       0x60 ./Core/Src/main.o
                0x0000000024000078                DMARxDscrTab

.TxDecripSection
                0x00000000240000d8       0x60 load address 0x000000000800b0bc
 .TxDecripSection
                0x00000000240000d8       0x60 ./Core/Src/main.o
                0x00000000240000d8                DMATxDscrTab
                0x0000000024000138                . = ALIGN (0x4)

.bss            0x0000000024000138     0x4d00 load address 0x000000000800b11c
                0x0000000024000138                _sbss = .
                0x0000000024000138                __bss_start__ = _sbss
 *(.bss)
 .bss           0x0000000024000138       0x1c c:/st/stm32cubeide_1.7.0/stm32cubeide/plugins/com.st.stm32cube.ide.mcu.externaltools.gnu-tools-for-stm32.9-2020-q2-update.win32_2.0.0.202105311346/tools/bin/../lib/gcc/arm-none-eabi/9.3.1/thumb/v7e-m+dp/hard/crtbegin.o
 *(.bss*)
 .bss.rx_index  0x0000000024000154        0x2 ./Core/Src/main.o
                0x0000000024000154                rx_index
 *fill*         0x0000000024000156        0x2 
 .bss.MACAddr.13200
                0x0000000024000158        0x6 ./Core/Src/main.o
 *fill*         0x000000002400015e        0x2 
 .bss.KernelState
                0x0000000024000160        0x4 ./Middlewares/Third_Party/FreeRTOS/Source/CMSIS_RTOS_V2/cmsis_os2.o
 .bss.Idle_TCB.13020
                0x0000000024000164       0xbc ./Middlewares/Third_Party/FreeRTOS/Source/CMSIS_RTOS_V2/cmsis_os2.o
 .bss.Idle_Stack.13021
                0x0000000024000220      0x200 ./Middlewares/Third_Party/FreeRTOS/Source/CMSIS_RTOS_V2/cmsis_os2.o
 .bss.Timer_TCB.13027
                0x0000000024000420       0xbc ./Middlewares/Third_Party/FreeRTOS/Source/CMSIS_RTOS_V2/cmsis_os2.o
 .bss.Timer_Stack.13028
                0x00000000240004dc      0x400 ./Middlewares/Third_Party/FreeRTOS/Source/CMSIS_RTOS_V2/cmsis_os2.o
 .bss.pxCurrentTCB
                0x00000000240008dc        0x4 ./Middlewares/Third_Party/FreeRTOS/Source/tasks.o
                0x00000000240008dc                pxCurrentTCB
 .bss.pxReadyTasksLists
                0x00000000240008e0      0x460 ./Middlewares/Third_Party/FreeRTOS/Source/tasks.o
 .bss.xDelayedTaskList1
                0x0000000024000d40       0x14 ./Middlewares/Third_Party/FreeRTOS/Source/tasks.o
 .bss.xDelayedTaskList2
                0x0000000024000d54       0x14 ./Middlewares/Third_Party/FreeRTOS/Source/tasks.o
 .bss.pxDelayedTaskList
                0x0000000024000d68        0x4 ./Middlewares/Third_Party/FreeRTOS/Source/tasks.o
 .bss.pxOverflowDelayedTaskList
                0x0000000024000d6c        0x4 ./Middlewares/Third_Party/FreeRTOS/Source/tasks.o
 .bss.xPendingReadyList
                0x0000000024000d70       0x14 ./Middlewares/Third_Party/FreeRTOS/Source/tasks.o
 .bss.xTasksWaitingTermination
                0x0000000024000d84       0x14 ./Middlewares/Third_Party/FreeRTOS/Source/tasks.o
 .bss.uxDeletedTasksWaitingCleanUp
                0x0000000024000d98        0x4 ./Middlewares/Third_Party/FreeRTOS/Source/tasks.o
 .bss.xSuspendedTaskList
                0x0000000024000d9c       0x14 ./Middlewares/Third_Party/FreeRTOS/Source/tasks.o
 .bss.uxCurrentNumberOfTasks
                0x0000000024000db0        0x4 ./Middlewares/Third_Party/FreeRTOS/Source/tasks.o
 .bss.xTickCount
                0x0000000024000db4        0x4 ./Middlewares/Third_Party/FreeRTOS/Source/tasks.o
 .bss.uxTopReadyPriority
                0x0000000024000db8        0x4 ./Middlewares/Third_Party/FreeRTOS/Source/tasks.o
 .bss.xSchedulerRunning
                0x0000000024000dbc        0x4 ./Middlewares/Third_Party/FreeRTOS/Source/tasks.o
 .bss.xPendedTicks
                0x0000000024000dc0        0x4 ./Middlewares/Third_Party/FreeRTOS/Source/tasks.o
 .bss.xYieldPending
                0x0000000024000dc4        0x4 ./Middlewares/Third_Party/FreeRTOS/Source/tasks.o
 .bss.xNumOfOverflows
                0x0000000024000dc8        0x4 ./Middlewares/Third_Party/FreeRTOS/Source/tasks.o
 .bss.uxTaskNumber
                0x0000000024000dcc        0x4 ./Middlewares/Third_Party/FreeRTOS/Source/tasks.o
 .bss.xNextTaskUnblockTime
                0x0000000024000dd0        0x4 ./Middlewares/Third_Party/FreeRTOS/Source/tasks.o
 .bss.xIdleTaskHandle
                0x0000000024000dd4        0x4 ./Middlewares/Third_Party/FreeRTOS/Source/tasks.o
 .bss.uxSchedulerSuspended
                0x0000000024000dd8        0x4 ./Middlewares/Third_Party/FreeRTOS/Source/tasks.o
 .bss.xActiveTimerList1
                0x0000000024000ddc       0x14 ./Middlewares/Third_Party/FreeRTOS/Source/timers.o
 .bss.xActiveTimerList2
                0x0000000024000df0       0x14 ./Middlewares/Third_Party/FreeRTOS/Source/timers.o
 .bss.pxCurrentTimerList
                0x0000000024000e04        0x4 ./Middlewares/Third_Party/FreeRTOS/Source/timers.o
 .bss.pxOverflowTimerList
                0x0000000024000e08        0x4 ./Middlewares/Third_Party/FreeRTOS/Source/timers.o
 .bss.xTimerQueue
                0x0000000024000e0c        0x4 ./Middlewares/Third_Party/FreeRTOS/Source/timers.o
 .bss.xTimerTaskHandle
                0x0000000024000e10        0x4 ./Middlewares/Third_Party/FreeRTOS/Source/timers.o
 .bss.xLastTime.7010
                0x0000000024000e14        0x4 ./Middlewares/Third_Party/FreeRTOS/Source/timers.o
 .bss.ucStaticTimerQueueStorage.7061
                0x0000000024000e18       0xa0 ./Middlewares/Third_Party/FreeRTOS/Source/timers.o
 .bss.xStaticTimerQueue.7060
                0x0000000024000eb8       0x50 ./Middlewares/Third_Party/FreeRTOS/Source/timers.o
 .bss.ucMaxSysCallPriority
                0x0000000024000f08        0x1 ./Middlewares/Third_Party/FreeRTOS/Source/portable/GCC/ARM_CM4F/port.o
 *fill*         0x0000000024000f09        0x3 
 .bss.ulMaxPRIGROUPValue
                0x0000000024000f0c        0x4 ./Middlewares/Third_Party/FreeRTOS/Source/portable/GCC/ARM_CM4F/port.o
 .bss.ucHeap    0x0000000024000f10     0x3c00 ./Middlewares/Third_Party/FreeRTOS/Source/portable/MemMang/heap_4.o
 .bss.xStart    0x0000000024004b10        0x8 ./Middlewares/Third_Party/FreeRTOS/Source/portable/MemMang/heap_4.o
 .bss.pxEnd     0x0000000024004b18        0x4 ./Middlewares/Third_Party/FreeRTOS/Source/portable/MemMang/heap_4.o
 .bss.xFreeBytesRemaining
                0x0000000024004b1c        0x4 ./Middlewares/Third_Party/FreeRTOS/Source/portable/MemMang/heap_4.o
 .bss.xMinimumEverFreeBytesRemaining
                0x0000000024004b20        0x4 ./Middlewares/Third_Party/FreeRTOS/Source/portable/MemMang/heap_4.o
 .bss.xNumberOfSuccessfulAllocations
                0x0000000024004b24        0x4 ./Middlewares/Third_Party/FreeRTOS/Source/portable/MemMang/heap_4.o
 .bss.xNumberOfSuccessfulFrees
                0x0000000024004b28        0x4 ./Middlewares/Third_Party/FreeRTOS/Source/portable/MemMang/heap_4.o
 .bss.xBlockAllocatedBit
                0x0000000024004b2c        0x4 ./Middlewares/Third_Party/FreeRTOS/Source/portable/MemMang/heap_4.o
 .bss.__malloc_free_list
                0x0000000024004b30        0x4 c:/st/stm32cubeide_1.7.0/stm32cubeide/plugins/com.st.stm32cube.ide.mcu.externaltools.gnu-tools-for-stm32.9-2020-q2-update.win32_2.0.0.202105311346/tools/bin/../lib/gcc/arm-none-eabi/9.3.1/../../../../arm-none-eabi/lib/thumb/v7e-m+dp/hard\libc_nano.a(lib_a-nano-mallocr.o)
                0x0000000024004b30                __malloc_free_list
 *(COMMON)
 COMMON         0x0000000024004b34      0x268 ./Core/Src/main.o
                0x0000000024004b34                huart3
                0x0000000024004bc4                rx_buffer
                0x0000000024004c44                BlinkTask02Handle
                0x0000000024004c48                rx_byte
                0x0000000024004c4c                huart2
                0x0000000024004cdc                heth
                0x0000000024004d64                TxConfig
                0x0000000024004d98                BlinkTask01Handle
 COMMON         0x0000000024004d9c       0x4c ./Core/Src/stm32h7xx_hal_timebase_tim.o
                0x0000000024004d9c                htim6
 COMMON         0x0000000024004de8        0x4 ./Drivers/STM32H7xx_HAL_Driver/Src/stm32h7xx_hal.o
                0x0000000024004de8                uwTick
 COMMON         0x0000000024004dec       0x40 ./Middlewares/Third_Party/FreeRTOS/Source/queue.o
                0x0000000024004dec                xQueueRegistry
 COMMON         0x0000000024004e2c        0x9 c:/st/stm32cubeide_1.7.0/stm32cubeide/plugins/com.st.stm32cube.ide.mcu.externaltools.gnu-tools-for-stm32.9-2020-q2-update.win32_2.0.0.202105311346/tools/bin/../lib/gcc/arm-none-eabi/9.3.1/../../../../arm-none-eabi/lib/thumb/v7e-m+dp/hard\libc_nano.a(lib_a-lock.o)
                0x0000000024004e2c                __lock___atexit_recursive_mutex
                0x0000000024004e2d                __lock___arc4random_mutex
                0x0000000024004e2e                __lock___env_recursive_mutex
                0x0000000024004e2f                __lock___sinit_recursive_mutex
                0x0000000024004e30                __lock___malloc_recursive_mutex
                0x0000000024004e31                __lock___at_quick_exit_mutex
                0x0000000024004e32                __lock___dd_hash_mutex
                0x0000000024004e33                __lock___tz_mutex
                0x0000000024004e34                __lock___sfp_recursive_mutex
                0x0000000024004e38                . = ALIGN (0x4)
 *fill*         0x0000000024004e35        0x3 
                0x0000000024004e38                _ebss = .
                0x0000000024004e38                __bss_end__ = _ebss

._user_heap_stack
                0x0000000024004e38      0x600 load address 0x000000000800b11c
                0x0000000024004e38                . = ALIGN (0x8)
                [!provide]                        PROVIDE (end = .)
                0x0000000024004e38                PROVIDE (_end = .)
                0x0000000024005038                . = (. + _Min_Heap_Size)
 *fill*         0x0000000024004e38      0x200 
                0x0000000024005438                . = (. + _Min_Stack_Size)
 *fill*         0x0000000024005038      0x400 
                0x0000000024005438                . = ALIGN (0x8)

/DISCARD/
 libc.a(*)
 libm.a(*)
 libgcc.a(*)

.ARM.attributes
                0x0000000000000000       0x2e
 *(.ARM.attributes)
 .ARM.attributes
                0x0000000000000000       0x1e c:/st/stm32cubeide_1.7.0/stm32cubeide/plugins/com.st.stm32cube.ide.mcu.externaltools.gnu-tools-for-stm32.9-2020-q2-update.win32_2.0.0.202105311346/tools/bin/../lib/gcc/arm-none-eabi/9.3.1/thumb/v7e-m+dp/hard/crti.o
 .ARM.attributes
                0x000000000000001e       0x32 c:/st/stm32cubeide_1.7.0/stm32cubeide/plugins/com.st.stm32cube.ide.mcu.externaltools.gnu-tools-for-stm32.9-2020-q2-update.win32_2.0.0.202105311346/tools/bin/../lib/gcc/arm-none-eabi/9.3.1/thumb/v7e-m+dp/hard/crtbegin.o
 .ARM.attributes
                0x0000000000000050       0x32 ./Core/Src/main.o
 .ARM.attributes
                0x0000000000000082       0x32 ./Core/Src/stm32h7xx_hal_msp.o
 .ARM.attributes
                0x00000000000000b4       0x32 ./Core/Src/stm32h7xx_hal_timebase_tim.o
 .ARM.attributes
                0x00000000000000e6       0x32 ./Core/Src/stm32h7xx_it.o
 .ARM.attributes
                0x0000000000000118       0x32 ./Core/Src/system_stm32h7xx.o
 .ARM.attributes
                0x000000000000014a       0x21 ./Core/Startup/startup_stm32h723zgtx.o
 .ARM.attributes
                0x000000000000016b       0x32 ./Drivers/STM32H7xx_HAL_Driver/Src/stm32h7xx_hal.o
 .ARM.attributes
                0x000000000000019d       0x32 ./Drivers/STM32H7xx_HAL_Driver/Src/stm32h7xx_hal_cortex.o
 .ARM.attributes
                0x00000000000001cf       0x32 ./Drivers/STM32H7xx_HAL_Driver/Src/stm32h7xx_hal_dma.o
 .ARM.attributes
                0x0000000000000201       0x32 ./Drivers/STM32H7xx_HAL_Driver/Src/stm32h7xx_hal_eth.o
 .ARM.attributes
                0x0000000000000233       0x32 ./Drivers/STM32H7xx_HAL_Driver/Src/stm32h7xx_hal_gpio.o
 .ARM.attributes
                0x0000000000000265       0x32 ./Drivers/STM32H7xx_HAL_Driver/Src/stm32h7xx_hal_pwr_ex.o
 .ARM.attributes
                0x0000000000000297       0x32 ./Drivers/STM32H7xx_HAL_Driver/Src/stm32h7xx_hal_rcc.o
 .ARM.attributes
                0x00000000000002c9       0x32 ./Drivers/STM32H7xx_HAL_Driver/Src/stm32h7xx_hal_rcc_ex.o
 .ARM.attributes
                0x00000000000002fb       0x32 ./Drivers/STM32H7xx_HAL_Driver/Src/stm32h7xx_hal_tim.o
 .ARM.attributes
                0x000000000000032d       0x32 ./Drivers/STM32H7xx_HAL_Driver/Src/stm32h7xx_hal_tim_ex.o
 .ARM.attributes
                0x000000000000035f       0x32 ./Drivers/STM32H7xx_HAL_Driver/Src/stm32h7xx_hal_uart.o
 .ARM.attributes
                0x0000000000000391       0x32 ./Drivers/STM32H7xx_HAL_Driver/Src/stm32h7xx_hal_uart_ex.o
 .ARM.attributes
                0x00000000000003c3       0x32 ./Middlewares/Third_Party/FreeRTOS/Source/CMSIS_RTOS_V2/cmsis_os2.o
 .ARM.attributes
                0x00000000000003f5       0x32 ./Middlewares/Third_Party/FreeRTOS/Source/list.o
 .ARM.attributes
                0x0000000000000427       0x32 ./Middlewares/Third_Party/FreeRTOS/Source/queue.o
 .ARM.attributes
                0x0000000000000459       0x32 ./Middlewares/Third_Party/FreeRTOS/Source/tasks.o
 .ARM.attributes
                0x000000000000048b       0x32 ./Middlewares/Third_Party/FreeRTOS/Source/timers.o
 .ARM.attributes
                0x00000000000004bd       0x32 ./Middlewares/Third_Party/FreeRTOS/Source/portable/GCC/ARM_CM4F/port.o
 .ARM.attributes
                0x00000000000004ef       0x32 ./Middlewares/Third_Party/FreeRTOS/Source/portable/MemMang/heap_4.o
 .ARM.attributes
                0x0000000000000521       0x32 c:/st/stm32cubeide_1.7.0/stm32cubeide/plugins/com.st.stm32cube.ide.mcu.externaltools.gnu-tools-for-stm32.9-2020-q2-update.win32_2.0.0.202105311346/tools/bin/../lib/gcc/arm-none-eabi/9.3.1/../../../../arm-none-eabi/lib/thumb/v7e-m+dp/hard\libc_nano.a(lib_a-findfp.o)
 .ARM.attributes
                0x0000000000000553       0x30 c:/st/stm32cubeide_1.7.0/stm32cubeide/plugins/com.st.stm32cube.ide.mcu.externaltools.gnu-tools-for-stm32.9-2020-q2-update.win32_2.0.0.202105311346/tools/bin/../lib/gcc/arm-none-eabi/9.3.1/../../../../arm-none-eabi/lib/thumb/v7e-m+dp/hard\libc_nano.a(lib_a-impure.o)
 .ARM.attributes
                0x0000000000000583       0x32 c:/st/stm32cubeide_1.7.0/stm32cubeide/plugins/com.st.stm32cube.ide.mcu.externaltools.gnu-tools-for-stm32.9-2020-q2-update.win32_2.0.0.202105311346/tools/bin/../lib/gcc/arm-none-eabi/9.3.1/../../../../arm-none-eabi/lib/thumb/v7e-m+dp/hard\libc_nano.a(lib_a-init.o)
 .ARM.attributes
                0x00000000000005b5       0x32 c:/st/stm32cubeide_1.7.0/stm32cubeide/plugins/com.st.stm32cube.ide.mcu.externaltools.gnu-tools-for-stm32.9-2020-q2-update.win32_2.0.0.202105311346/tools/bin/../lib/gcc/arm-none-eabi/9.3.1/../../../../arm-none-eabi/lib/thumb/v7e-m+dp/hard\libc_nano.a(lib_a-lock.o)
 .ARM.attributes
                0x00000000000005e7       0x32 c:/st/stm32cubeide_1.7.0/stm32cubeide/plugins/com.st.stm32cube.ide.mcu.externaltools.gnu-tools-for-stm32.9-2020-q2-update.win32_2.0.0.202105311346/tools/bin/../lib/gcc/arm-none-eabi/9.3.1/../../../../arm-none-eabi/lib/thumb/v7e-m+dp/hard\libc_nano.a(lib_a-memcpy-stub.o)
 .ARM.attributes
                0x0000000000000619       0x32 c:/st/stm32cubeide_1.7.0/stm32cubeide/plugins/com.st.stm32cube.ide.mcu.externaltools.gnu-tools-for-stm32.9-2020-q2-update.win32_2.0.0.202105311346/tools/bin/../lib/gcc/arm-none-eabi/9.3.1/../../../../arm-none-eabi/lib/thumb/v7e-m+dp/hard\libc_nano.a(lib_a-memset.o)
 .ARM.attributes
                0x000000000000064b       0x32 c:/st/stm32cubeide_1.7.0/stm32cubeide/plugins/com.st.stm32cube.ide.mcu.externaltools.gnu-tools-for-stm32.9-2020-q2-update.win32_2.0.0.202105311346/tools/bin/../lib/gcc/arm-none-eabi/9.3.1/../../../../arm-none-eabi/lib/thumb/v7e-m+dp/hard\libc_nano.a(lib_a-nano-mallocr.o)
 .ARM.attributes
                0x000000000000067d       0x32 c:/st/stm32cubeide_1.7.0/stm32cubeide/plugins/com.st.stm32cube.ide.mcu.externaltools.gnu-tools-for-stm32.9-2020-q2-update.win32_2.0.0.202105311346/tools/bin/../lib/gcc/arm-none-eabi/9.3.1/../../../../arm-none-eabi/lib/thumb/v7e-m+dp/hard\libc_nano.a(lib_a-reent.o)
 .ARM.attributes
                0x00000000000006af       0x17 c:/st/stm32cubeide_1.7.0/stm32cubeide/plugins/com.st.stm32cube.ide.mcu.externaltools.gnu-tools-for-stm32.9-2020-q2-update.win32_2.0.0.202105311346/tools/bin/../lib/gcc/arm-none-eabi/9.3.1/../../../../arm-none-eabi/lib/thumb/v7e-m+dp/hard\libc_nano.a(lib_a-strlen.o)
 .ARM.attributes
                0x00000000000006c6       0x32 c:/st/stm32cubeide_1.7.0/stm32cubeide/plugins/com.st.stm32cube.ide.mcu.externaltools.gnu-tools-for-stm32.9-2020-q2-update.win32_2.0.0.202105311346/tools/bin/../lib/gcc/arm-none-eabi/9.3.1/../../../../arm-none-eabi/lib/thumb/v7e-m+dp/hard\libc_nano.a(lib_a-mlock.o)
 .ARM.attributes
                0x00000000000006f8       0x32 c:/st/stm32cubeide_1.7.0/stm32cubeide/plugins/com.st.stm32cube.ide.mcu.externaltools.gnu-tools-for-stm32.9-2020-q2-update.win32_2.0.0.202105311346/tools/bin/../lib/gcc/arm-none-eabi/9.3.1/../../../../arm-none-eabi/lib/thumb/v7e-m+dp/hard\libc_nano.a(lib_a-nano-freer.o)
 .ARM.attributes
                0x000000000000072a       0x1e c:/st/stm32cubeide_1.7.0/stm32cubeide/plugins/com.st.stm32cube.ide.mcu.externaltools.gnu-tools-for-stm32.9-2020-q2-update.win32_2.0.0.202105311346/tools/bin/../lib/gcc/arm-none-eabi/9.3.1/thumb/v7e-m+dp/hard\libgcc.a(_aeabi_uldivmod.o)
 .ARM.attributes
                0x0000000000000748       0x32 c:/st/stm32cubeide_1.7.0/stm32cubeide/plugins/com.st.stm32cube.ide.mcu.externaltools.gnu-tools-for-stm32.9-2020-q2-update.win32_2.0.0.202105311346/tools/bin/../lib/gcc/arm-none-eabi/9.3.1/thumb/v7e-m+dp/hard\libgcc.a(_udivmoddi4.o)
 .ARM.attributes
                0x000000000000077a       0x1e c:/st/stm32cubeide_1.7.0/stm32cubeide/plugins/com.st.stm32cube.ide.mcu.externaltools.gnu-tools-for-stm32.9-2020-q2-update.win32_2.0.0.202105311346/tools/bin/../lib/gcc/arm-none-eabi/9.3.1/thumb/v7e-m+dp/hard\libgcc.a(_dvmd_tls.o)
 .ARM.attributes
                0x0000000000000798       0x1e c:/st/stm32cubeide_1.7.0/stm32cubeide/plugins/com.st.stm32cube.ide.mcu.externaltools.gnu-tools-for-stm32.9-2020-q2-update.win32_2.0.0.202105311346/tools/bin/../lib/gcc/arm-none-eabi/9.3.1/thumb/v7e-m+dp/hard/crtn.o
OUTPUT(FreeRTOS_2.elf elf32-littlearm)
LOAD linker stubs
LOAD c:/st/stm32cubeide_1.7.0/stm32cubeide/plugins/com.st.stm32cube.ide.mcu.externaltools.gnu-tools-for-stm32.9-2020-q2-update.win32_2.0.0.202105311346/tools/bin/../lib/gcc/arm-none-eabi/9.3.1/../../../../arm-none-eabi/lib/thumb/v7e-m+dp/hard\libc.a
LOAD c:/st/stm32cubeide_1.7.0/stm32cubeide/plugins/com.st.stm32cube.ide.mcu.externaltools.gnu-tools-for-stm32.9-2020-q2-update.win32_2.0.0.202105311346/tools/bin/../lib/gcc/arm-none-eabi/9.3.1/../../../../arm-none-eabi/lib/thumb/v7e-m+dp/hard\libm.a
LOAD c:/st/stm32cubeide_1.7.0/stm32cubeide/plugins/com.st.stm32cube.ide.mcu.externaltools.gnu-tools-for-stm32.9-2020-q2-update.win32_2.0.0.202105311346/tools/bin/../lib/gcc/arm-none-eabi/9.3.1/thumb/v7e-m+dp/hard\libgcc.a

.debug_info     0x0000000000000000    0x3324d
 .debug_info    0x0000000000000000     0x3467 ./Core/Src/main.o
 .debug_info    0x0000000000003467     0x2ccd ./Core/Src/stm32h7xx_hal_msp.o
 .debug_info    0x0000000000006134     0x1aec ./Core/Src/stm32h7xx_hal_timebase_tim.o
 .debug_info    0x0000000000007c20     0x1646 ./Core/Src/stm32h7xx_it.o
 .debug_info    0x0000000000009266     0x15c5 ./Core/Src/system_stm32h7xx.o
 .debug_info    0x000000000000a82b       0x22 ./Core/Startup/startup_stm32h723zgtx.o
 .debug_info    0x000000000000a84d     0x210c ./Drivers/STM32H7xx_HAL_Driver/Src/stm32h7xx_hal.o
 .debug_info    0x000000000000c959     0x1c07 ./Drivers/STM32H7xx_HAL_Driver/Src/stm32h7xx_hal_cortex.o
 .debug_info    0x000000000000e560     0x167d ./Drivers/STM32H7xx_HAL_Driver/Src/stm32h7xx_hal_dma.o
 .debug_info    0x000000000000fbdd     0x3293 ./Drivers/STM32H7xx_HAL_Driver/Src/stm32h7xx_hal_eth.o
 .debug_info    0x0000000000012e70     0x17f5 ./Drivers/STM32H7xx_HAL_Driver/Src/stm32h7xx_hal_gpio.o
 .debug_info    0x0000000000014665     0x1919 ./Drivers/STM32H7xx_HAL_Driver/Src/stm32h7xx_hal_pwr_ex.o
 .debug_info    0x0000000000015f7e     0x185e ./Drivers/STM32H7xx_HAL_Driver/Src/stm32h7xx_hal_rcc.o
 .debug_info    0x00000000000177dc     0x1ce5 ./Drivers/STM32H7xx_HAL_Driver/Src/stm32h7xx_hal_rcc_ex.o
 .debug_info    0x00000000000194c1     0x37ca ./Drivers/STM32H7xx_HAL_Driver/Src/stm32h7xx_hal_tim.o
 .debug_info    0x000000000001cc8b     0x2333 ./Drivers/STM32H7xx_HAL_Driver/Src/stm32h7xx_hal_tim_ex.o
 .debug_info    0x000000000001efbe     0x558a ./Drivers/STM32H7xx_HAL_Driver/Src/stm32h7xx_hal_uart.o
 .debug_info    0x0000000000024548     0x19a9 ./Drivers/STM32H7xx_HAL_Driver/Src/stm32h7xx_hal_uart_ex.o
 .debug_info    0x0000000000025ef1     0x4231 ./Middlewares/Third_Party/FreeRTOS/Source/CMSIS_RTOS_V2/cmsis_os2.o
 .debug_info    0x000000000002a122      0xb82 ./Middlewares/Third_Party/FreeRTOS/Source/list.o
 .debug_info    0x000000000002aca4     0x23b0 ./Middlewares/Third_Party/FreeRTOS/Source/queue.o
 .debug_info    0x000000000002d054     0x2ae2 ./Middlewares/Third_Party/FreeRTOS/Source/tasks.o
 .debug_info    0x000000000002fb36     0x1c03 ./Middlewares/Third_Party/FreeRTOS/Source/timers.o
 .debug_info    0x0000000000031739      0xd8a ./Middlewares/Third_Party/FreeRTOS/Source/portable/GCC/ARM_CM4F/port.o
 .debug_info    0x00000000000324c3      0xd8a ./Middlewares/Third_Party/FreeRTOS/Source/portable/MemMang/heap_4.o

.debug_abbrev   0x0000000000000000     0x4a7a
 .debug_abbrev  0x0000000000000000      0x3ea ./Core/Src/main.o
 .debug_abbrev  0x00000000000003ea      0x2a7 ./Core/Src/stm32h7xx_hal_msp.o
 .debug_abbrev  0x0000000000000691      0x271 ./Core/Src/stm32h7xx_hal_timebase_tim.o
 .debug_abbrev  0x0000000000000902      0x211 ./Core/Src/stm32h7xx_it.o
 .debug_abbrev  0x0000000000000b13      0x251 ./Core/Src/system_stm32h7xx.o
 .debug_abbrev  0x0000000000000d64       0x12 ./Core/Startup/startup_stm32h723zgtx.o
 .debug_abbrev  0x0000000000000d76      0x324 ./Drivers/STM32H7xx_HAL_Driver/Src/stm32h7xx_hal.o
 .debug_abbrev  0x000000000000109a      0x409 ./Drivers/STM32H7xx_HAL_Driver/Src/stm32h7xx_hal_cortex.o
 .debug_abbrev  0x00000000000014a3      0x2c1 ./Drivers/STM32H7xx_HAL_Driver/Src/stm32h7xx_hal_dma.o
 .debug_abbrev  0x0000000000001764      0x328 ./Drivers/STM32H7xx_HAL_Driver/Src/stm32h7xx_hal_eth.o
 .debug_abbrev  0x0000000000001a8c      0x2cb ./Drivers/STM32H7xx_HAL_Driver/Src/stm32h7xx_hal_gpio.o
 .debug_abbrev  0x0000000000001d57      0x33f ./Drivers/STM32H7xx_HAL_Driver/Src/stm32h7xx_hal_pwr_ex.o
 .debug_abbrev  0x0000000000002096      0x311 ./Drivers/STM32H7xx_HAL_Driver/Src/stm32h7xx_hal_rcc.o
 .debug_abbrev  0x00000000000023a7      0x31d ./Drivers/STM32H7xx_HAL_Driver/Src/stm32h7xx_hal_rcc_ex.o
 .debug_abbrev  0x00000000000026c4      0x2f9 ./Drivers/STM32H7xx_HAL_Driver/Src/stm32h7xx_hal_tim.o
 .debug_abbrev  0x00000000000029bd      0x301 ./Drivers/STM32H7xx_HAL_Driver/Src/stm32h7xx_hal_tim_ex.o
 .debug_abbrev  0x0000000000002cbe      0x37d ./Drivers/STM32H7xx_HAL_Driver/Src/stm32h7xx_hal_uart.o
 .debug_abbrev  0x000000000000303b      0x33d ./Drivers/STM32H7xx_HAL_Driver/Src/stm32h7xx_hal_uart_ex.o
 .debug_abbrev  0x0000000000003378      0x4d2 ./Middlewares/Third_Party/FreeRTOS/Source/CMSIS_RTOS_V2/cmsis_os2.o
 .debug_abbrev  0x000000000000384a      0x1f7 ./Middlewares/Third_Party/FreeRTOS/Source/list.o
 .debug_abbrev  0x0000000000003a41      0x380 ./Middlewares/Third_Party/FreeRTOS/Source/queue.o
 .debug_abbrev  0x0000000000003dc1      0x39a ./Middlewares/Third_Party/FreeRTOS/Source/tasks.o
 .debug_abbrev  0x000000000000415b      0x317 ./Middlewares/Third_Party/FreeRTOS/Source/timers.o
 .debug_abbrev  0x0000000000004472      0x335 ./Middlewares/Third_Party/FreeRTOS/Source/portable/GCC/ARM_CM4F/port.o
 .debug_abbrev  0x00000000000047a7      0x2d3 ./Middlewares/Third_Party/FreeRTOS/Source/portable/MemMang/heap_4.o

.debug_aranges  0x0000000000000000     0x1a88
 .debug_aranges
                0x0000000000000000       0xa0 ./Core/Src/main.o
 .debug_aranges
                0x00000000000000a0       0x40 ./Core/Src/stm32h7xx_hal_msp.o
 .debug_aranges
                0x00000000000000e0       0x30 ./Core/Src/stm32h7xx_hal_timebase_tim.o
 .debug_aranges
                0x0000000000000110       0x58 ./Core/Src/stm32h7xx_it.o
 .debug_aranges
                0x0000000000000168       0x28 ./Core/Src/system_stm32h7xx.o
 .debug_aranges
                0x0000000000000190       0x28 ./Core/Startup/startup_stm32h723zgtx.o
 .debug_aranges
                0x00000000000001b8      0x1c8 ./Drivers/STM32H7xx_HAL_Driver/Src/stm32h7xx_hal.o
 .debug_aranges
                0x0000000000000380      0x120 ./Drivers/STM32H7xx_HAL_Driver/Src/stm32h7xx_hal_cortex.o
 .debug_aranges
                0x00000000000004a0       0xa0 ./Drivers/STM32H7xx_HAL_Driver/Src/stm32h7xx_hal_dma.o
 .debug_aranges
                0x0000000000000540      0x1b0 ./Drivers/STM32H7xx_HAL_Driver/Src/stm32h7xx_hal_eth.o
 .debug_aranges
                0x00000000000006f0       0x58 ./Drivers/STM32H7xx_HAL_Driver/Src/stm32h7xx_hal_gpio.o
 .debug_aranges
                0x0000000000000748      0x148 ./Drivers/STM32H7xx_HAL_Driver/Src/stm32h7xx_hal_pwr_ex.o
 .debug_aranges
                0x0000000000000890       0x88 ./Drivers/STM32H7xx_HAL_Driver/Src/stm32h7xx_hal_rcc.o
 .debug_aranges
                0x0000000000000918       0xf8 ./Drivers/STM32H7xx_HAL_Driver/Src/stm32h7xx_hal_rcc_ex.o
 .debug_aranges
                0x0000000000000a10      0x3e0 ./Drivers/STM32H7xx_HAL_Driver/Src/stm32h7xx_hal_tim.o
 .debug_aranges
                0x0000000000000df0      0x198 ./Drivers/STM32H7xx_HAL_Driver/Src/stm32h7xx_hal_tim_ex.o
 .debug_aranges
                0x0000000000000f88      0x248 ./Drivers/STM32H7xx_HAL_Driver/Src/stm32h7xx_hal_uart.o
 .debug_aranges
                0x00000000000011d0       0xa0 ./Drivers/STM32H7xx_HAL_Driver/Src/stm32h7xx_hal_uart_ex.o
 .debug_aranges
                0x0000000000001270      0x2b0 ./Middlewares/Third_Party/FreeRTOS/Source/CMSIS_RTOS_V2/cmsis_os2.o
 .debug_aranges
                0x0000000000001520       0x40 ./Middlewares/Third_Party/FreeRTOS/Source/list.o
 .debug_aranges
                0x0000000000001560      0x158 ./Middlewares/Third_Party/FreeRTOS/Source/queue.o
 .debug_aranges
                0x00000000000016b8      0x208 ./Middlewares/Third_Party/FreeRTOS/Source/tasks.o
 .debug_aranges
                0x00000000000018c0       0xf0 ./Middlewares/Third_Party/FreeRTOS/Source/timers.o
 .debug_aranges
                0x00000000000019b0       0x80 ./Middlewares/Third_Party/FreeRTOS/Source/portable/GCC/ARM_CM4F/port.o
 .debug_aranges
                0x0000000000001a30       0x58 ./Middlewares/Third_Party/FreeRTOS/Source/portable/MemMang/heap_4.o

.debug_ranges   0x0000000000000000     0x1930
 .debug_ranges  0x0000000000000000       0x90 ./Core/Src/main.o
 .debug_ranges  0x0000000000000090       0x30 ./Core/Src/stm32h7xx_hal_msp.o
 .debug_ranges  0x00000000000000c0       0x20 ./Core/Src/stm32h7xx_hal_timebase_tim.o
 .debug_ranges  0x00000000000000e0       0x48 ./Core/Src/stm32h7xx_it.o
 .debug_ranges  0x0000000000000128       0x18 ./Core/Src/system_stm32h7xx.o
 .debug_ranges  0x0000000000000140       0x20 ./Core/Startup/startup_stm32h723zgtx.o
 .debug_ranges  0x0000000000000160      0x1b8 ./Drivers/STM32H7xx_HAL_Driver/Src/stm32h7xx_hal.o
 .debug_ranges  0x0000000000000318      0x110 ./Drivers/STM32H7xx_HAL_Driver/Src/stm32h7xx_hal_cortex.o
 .debug_ranges  0x0000000000000428       0x90 ./Drivers/STM32H7xx_HAL_Driver/Src/stm32h7xx_hal_dma.o
 .debug_ranges  0x00000000000004b8      0x1a0 ./Drivers/STM32H7xx_HAL_Driver/Src/stm32h7xx_hal_eth.o
 .debug_ranges  0x0000000000000658       0x48 ./Drivers/STM32H7xx_HAL_Driver/Src/stm32h7xx_hal_gpio.o
 .debug_ranges  0x00000000000006a0      0x138 ./Drivers/STM32H7xx_HAL_Driver/Src/stm32h7xx_hal_pwr_ex.o
 .debug_ranges  0x00000000000007d8       0x78 ./Drivers/STM32H7xx_HAL_Driver/Src/stm32h7xx_hal_rcc.o
 .debug_ranges  0x0000000000000850       0xe8 ./Drivers/STM32H7xx_HAL_Driver/Src/stm32h7xx_hal_rcc_ex.o
 .debug_ranges  0x0000000000000938      0x3d0 ./Drivers/STM32H7xx_HAL_Driver/Src/stm32h7xx_hal_tim.o
 .debug_ranges  0x0000000000000d08      0x188 ./Drivers/STM32H7xx_HAL_Driver/Src/stm32h7xx_hal_tim_ex.o
 .debug_ranges  0x0000000000000e90      0x268 ./Drivers/STM32H7xx_HAL_Driver/Src/stm32h7xx_hal_uart.o
 .debug_ranges  0x00000000000010f8       0x90 ./Drivers/STM32H7xx_HAL_Driver/Src/stm32h7xx_hal_uart_ex.o
 .debug_ranges  0x0000000000001188      0x2a0 ./Middlewares/Third_Party/FreeRTOS/Source/CMSIS_RTOS_V2/cmsis_os2.o
 .debug_ranges  0x0000000000001428       0x30 ./Middlewares/Third_Party/FreeRTOS/Source/list.o
 .debug_ranges  0x0000000000001458      0x148 ./Middlewares/Third_Party/FreeRTOS/Source/queue.o
 .debug_ranges  0x00000000000015a0      0x1f8 ./Middlewares/Third_Party/FreeRTOS/Source/tasks.o
 .debug_ranges  0x0000000000001798       0xe0 ./Middlewares/Third_Party/FreeRTOS/Source/timers.o
 .debug_ranges  0x0000000000001878       0x70 ./Middlewares/Third_Party/FreeRTOS/Source/portable/GCC/ARM_CM4F/port.o
 .debug_ranges  0x00000000000018e8       0x48 ./Middlewares/Third_Party/FreeRTOS/Source/portable/MemMang/heap_4.o

.debug_macro    0x0000000000000000     0x4da4
 .debug_macro   0x0000000000000000      0x45e ./Core/Src/main.o
 .debug_macro   0x000000000000045e       0x16 ./Core/Src/main.o
 .debug_macro   0x0000000000000474       0x20 ./Core/Src/main.o
 .debug_macro   0x0000000000000494      0x16f ./Core/Src/main.o
 .debug_macro   0x0000000000000603       0x16 ./Core/Src/main.o
 .debug_macro   0x0000000000000619       0x66 ./Core/Src/main.o
 .debug_macro   0x000000000000067f       0x74 ./Core/Src/main.o