core_cm7.h:2660:26:ITM_SendChar	16	static,ignoring_inline_asm
main.c:113:6:ESP_Send	16	static
main.c:125:6:ESP_Print_Response	8	static
main.c:134:6:Clear_Buffer	8	static
main.c:146:5:main	8	static
main.c:234:6:SystemClock_Config	120	static
main.c:291:13:MX_ETH_Init	8	static
main.c:340:13:MX_USART2_UART_Init	8	static
main.c:388:13:MX_USART3_UART_Init	8	static
main.c:436:13:MX_USB_OTG_HS_USB_Init	4	static
main.c:457:13:MX_GPIO_Init	56	static
main.c:529:5:_write	32	static
main.c:540:6:HAL_UART_RxCpltCallback	16	static
main.c:569:6:StartBlinkTask01	16	static
main.c:589:6:StartBlinkTask02	16	static
main.c:636:6:HAL_TIM_PeriodElapsedCallback	16	static
main.c:653:6:Error_Handler	4	static,ignoring_inline_asm
