core_cm7.h:2660:26:ITM_SendChar	16	static,ignoring_inline_asm
main.c:114:5:main	8	static
main.c:202:6:SystemClock_Config	120	static
main.c:259:13:MX_ETH_Init	8	static
main.c:308:13:MX_USART3_UART_Init	8	static
main.c:356:13:MX_USB_OTG_HS_USB_Init	4	static
main.c:377:13:MX_GPIO_Init	56	static
main.c:449:5:_write	32	static
main.c:468:6:StartBlinkTask01	16	static
main.c:488:6:StartBlinkTask02	16	static
main.c:509:6:HAL_TIM_PeriodElapsedCallback	16	static
main.c:526:6:Error_Handler	4	static,ignoring_inline_asm
